MPLINK 4.40, Linker
Linker Map File - Created Tue Mar 20 23:53:57 2012

                                 Section Info
                  Section       Type    Address   Location Size(Bytes)
                ---------  ---------  ---------  ---------  ---------
               _entry_scn       code   0x000000    program   0x000006
                   .cinit    romdata   0x000006    program   0x000002
      InterruptVectorHigh       code   0x000008    program   0x000006
    .code_CommandPrompt.o       code   0x00000e    program   0x001fe0
           .code_serial.o       code   0x001fee    program   0x0013dc
             .code_ansi.o       code   0x0033ca    program   0x00123a
             .code_main.o       code   0x004604    program   0x000e1a
            .code_timer.o       code   0x00541e    program   0x000dca
         .code_vfprintf.o       code   0x0061e8    program   0x000c22
            .code_servo.o       code   0x006e0a    program   0x0007f8
              .code_crc.o       code   0x007602    program   0x000798
              .code_pic.o       code   0x007d9a    program   0x0005a2
       .code_interrupts.o       code   0x00833c    program   0x00058a
           .code_eeprom.o       code   0x0088c6    program   0x0004f4
                     PROG       code   0x008dba    program   0x00047a
                   STDLIB       code   0x009234    program   0x0003e4
              .code_pwm.o       code   0x009618    program   0x000336
             .code_atof.o       code   0x00994e    program   0x0002d2
             .stringtable    romdata   0x009c20    program   0x0002c6
              .code_a2d.o       code   0x009ee6    program   0x0001fe
             .code_loop.o       code   0x00a0e4    program   0x0001e6
                   STRING       code   0x00a2ca    program   0x00016a
          .code_sprintf.o       code   0x00a434    program   0x0000ac
               _cinit_scn       code   0x00a4e0    program   0x00009e
             .code_putc.o       code   0x00a57e    program   0x000084
          .code_fxm3232.o       code   0x00a602    program   0x000070
         .code_fxd3232u.o       code   0x00a672    program   0x000048
 .romdata_CommandPrompt.o    romdata   0x00a6ba    program   0x000043
         .romdata_servo.o    romdata   0x00a6fd    program   0x000000
           .idata_a2d.o_i    romdata   0x00a6fd    program   0x000000
          .idata_main.o_i    romdata   0x00a6fd    program   0x000000
      .idata_fxd1616u.o_i    romdata   0x00a6fd    program   0x000000
      .romdata_fxd3232u.o    romdata   0x00a6fd    program   0x000000
       .idata_fxm3232.o_i    romdata   0x00a6fd    program   0x000000
        .idata___init.o_i    romdata   0x00a6fd    program   0x000000
          .idata_atof.o_i    romdata   0x00a6fd    program   0x000000
         .idata_isbor.o_i    romdata   0x00a6fd    program   0x000000
         .romdata_islvd.o    romdata   0x00a6fd    program   0x000000
        .idata_ismclr.o_i    romdata   0x00a6fd    program   0x000000
         .romdata_ispor.o    romdata   0x00a6fd    program   0x000000
       .idata_iswdtto.o_i    romdata   0x00a6fd    program   0x000000
       .idata_sprintf.o_i    romdata   0x00a6fd    program   0x000000
      .idata_vfprintf.o_i    romdata   0x00a6fd    program   0x000000
         .romdata_c018i.o    romdata   0x00a6fd    program   0x000000
          .idata_putc.o_i    romdata   0x00a6fd    program   0x000000
    .romdata__user_putc.o    romdata   0x00a6fd    program   0x000000
          .romdata_loop.o    romdata   0x00a6fd    program   0x000000
           .romdata_pic.o    romdata   0x00a6fd    program   0x000000
           .idata_crc.o_i    romdata   0x00a6fd    program   0x000000
    .romdata_interrupts.o    romdata   0x00a6fd    program   0x000000
        .romdata_eeprom.o    romdata   0x00a6fd    program   0x000000
           .romdata_pwm.o    romdata   0x00a6fd    program   0x000000
          .romdata_ansi.o    romdata   0x00a6fd    program   0x000000
        .idata_serial.o_i    romdata   0x00a6fd    program   0x000000
         .romdata_timer.o    romdata   0x00a6fd    program   0x000000
             D10KTCYXCODE       code   0x00a6fe    program   0x00002e
            .code_c018i.o       code   0x00a6fe    program   0x000000
         .code_fxd1616u.o       code   0x00a72c    program   0x00002c
                    CTYPE       code   0x00a758    program   0x000024
           .code_ismclr.o       code   0x00a77c    program   0x000024
              D1KTCYXCODE       code   0x00a7a0    program   0x000020
                    .code       code   0x00a7c0    program   0x000020
             _startup_scn       code   0x00a7e0    program   0x00001c
                    STDIO       code   0x00a7fc    program   0x00001c
          .code_iswdtto.o       code   0x00a818    program   0x000018
            .code_ispor.o       code   0x00a830    program   0x000018
      .romdata_vfprintf.o    romdata   0x00a848    program   0x000011
        .romdata_ismclr.o    romdata   0x00a859    program   0x000000
         .idata_ispor.o_i    romdata   0x00a859    program   0x000000
        .idata_eeprom.o_i    romdata   0x00a859    program   0x000000
       .romdata_iswdtto.o    romdata   0x00a859    program   0x000000
          .idata_loop.o_i    romdata   0x00a859    program   0x000000
       .romdata_sprintf.o    romdata   0x00a859    program   0x000000
           .romdata_crc.o    romdata   0x00a859    program   0x000000
    .idata_interrupts.o_i    romdata   0x00a859    program   0x000000
          .romdata_putc.o    romdata   0x00a859    program   0x000000
         .idata_timer.o_i    romdata   0x00a859    program   0x000000
    .idata__user_putc.o_i    romdata   0x00a859    program   0x000000
         .idata_c018i.o_i    romdata   0x00a859    program   0x000000
         .idata_servo.o_i    romdata   0x00a859    program   0x000000
           .idata_pic.o_i    romdata   0x00a859    program   0x000000
         .idata_islvd.o_i    romdata   0x00a859    program   0x000000
         .romdata_isbor.o    romdata   0x00a859    program   0x000000
          .romdata_atof.o    romdata   0x00a859    program   0x000000
          .idata_ansi.o_i    romdata   0x00a859    program   0x000000
          .romdata_main.o    romdata   0x00a859    program   0x000000
        .romdata___init.o    romdata   0x00a859    program   0x000000
 .idata_CommandPrompt.o_i    romdata   0x00a859    program   0x000000
           .romdata_a2d.o    romdata   0x00a859    program   0x000000
       .romdata_fxm3232.o    romdata   0x00a859    program   0x000000
        .romdata_serial.o    romdata   0x00a859    program   0x000000
           .idata_pwm.o_i    romdata   0x00a859    program   0x000000
      .romdata_fxd1616u.o    romdata   0x00a859    program   0x000000
      .idata_fxd3232u.o_i    romdata   0x00a859    program   0x000000
            .code_isbor.o       code   0x00a85a    program   0x00000c
            .code_islvd.o       code   0x00a866    program   0x000006
       .code__user_putc.o       code   0x00a86c    program   0x000002
           .code___init.o       code   0x00a86e    program   0x000002
     .config_300001_pic.o    romdata   0x300001    program   0x000001
     .config_300002_pic.o    romdata   0x300002    program   0x000001
     .config_300003_pic.o    romdata   0x300003    program   0x000001
     .config_300005_pic.o    romdata   0x300005    program   0x000001
     .config_300006_pic.o    romdata   0x300006    program   0x000001
                MATH_DATA      udata   0x000000       data   0x000014
                 .tmpdata      udata   0x000014       data   0x00000a
 InterruptHandlerHigh_tmp      udata   0x00001e       data   0x000002
                DELAYDAT2      udata   0x000020       data   0x000001
                DELAYDAT1      udata   0x000021       data   0x000001
                commands3      udata   0x000080       data   0x000080
            .udata_main.o      udata   0x000100       data   0x0000a0
                commands1      udata   0x0001a0       data   0x000060
                SERIAL_TX      udata   0x000200       data   0x000043
           .udata_timer.o      udata   0x000243       data   0x000032
                SERIAL_RX      udata   0x000275       data   0x000023
      .udata_interrupts.o      udata   0x000298       data   0x00001a
             .udata_pic.o      udata   0x0002b2       data   0x00000d
           .udata_c018i.o      udata   0x0002bf       data   0x00000a
             .udata_pwm.o      udata   0x0002c9       data   0x000004
            .udata_atof.o      udata   0x0002cd       data   0x000000
          .idata___init.o      idata   0x0002cd       data   0x000000
          .udata___init.o      udata   0x0002cd       data   0x000000
         .idata_fxm3232.o      idata   0x0002cd       data   0x000000
            .idata_atof.o      idata   0x0002cd       data   0x000000
         .udata_fxm3232.o      udata   0x0002cd       data   0x000000
           .udata_isbor.o      udata   0x0002cd       data   0x000000
           .idata_isbor.o      idata   0x0002cd       data   0x000000
        .idata_fxd3232u.o      idata   0x0002cd       data   0x000000
           .udata_islvd.o      udata   0x0002cd       data   0x000000
        .udata_fxd3232u.o      udata   0x0002cd       data   0x000000
           .idata_islvd.o      idata   0x0002cd       data   0x000000
          .udata_ismclr.o      udata   0x0002cd       data   0x000000
          .idata_ismclr.o      idata   0x0002cd       data   0x000000
           .udata_ispor.o      udata   0x0002cd       data   0x000000
           .idata_ispor.o      idata   0x0002cd       data   0x000000
         .udata_iswdtto.o      udata   0x0002cd       data   0x000000
         .idata_iswdtto.o      idata   0x0002cd       data   0x000000
         .udata_sprintf.o      udata   0x0002cd       data   0x000000
         .idata_sprintf.o      idata   0x0002cd       data   0x000000
        .udata_vfprintf.o      udata   0x0002cd       data   0x000000
        .idata_vfprintf.o      idata   0x0002cd       data   0x000000
            .udata_putc.o      udata   0x0002cd       data   0x000000
            .idata_putc.o      idata   0x0002cd       data   0x000000
      .udata__user_putc.o      udata   0x0002cd       data   0x000000
      .idata__user_putc.o      idata   0x0002cd       data   0x000000
           .idata_c018i.o      idata   0x0002cd       data   0x000000
            .idata_main.o      idata   0x0002cd       data   0x000000
          .idata_serial.o      idata   0x0002cd       data   0x000000
            .udata_ansi.o      udata   0x0002cd       data   0x000000
            .idata_ansi.o      idata   0x0002cd       data   0x000000
             .udata_crc.o      udata   0x0002cd       data   0x000000
             .idata_crc.o      idata   0x0002cd       data   0x000000
           .idata_timer.o      idata   0x0002cd       data   0x000000
      .idata_interrupts.o      idata   0x0002cd       data   0x000000
            .udata_loop.o      udata   0x0002cd       data   0x000000
            .idata_loop.o      idata   0x0002cd       data   0x000000
          .udata_eeprom.o      udata   0x0002cd       data   0x000000
          .idata_eeprom.o      idata   0x0002cd       data   0x000000
             .idata_pic.o      idata   0x0002cd       data   0x000000
             .idata_pwm.o      idata   0x0002cd       data   0x000000
   .idata_CommandPrompt.o      idata   0x0002cd       data   0x000000
           .idata_servo.o      idata   0x0002cd       data   0x000000
             .udata_a2d.o      udata   0x0002cd       data   0x000000
             .idata_a2d.o      idata   0x0002cd       data   0x000000
        .udata_fxd1616u.o      udata   0x0002cd       data   0x000000
        .idata_fxd1616u.o      idata   0x0002cd       data   0x000000
                   .stack      udata   0x000e00       data   0x000100
                commands2      udata   0x000f00       data   0x000050
           .udata_servo.o      udata   0x000f50       data   0x00002a
          .udata_serial.o      udata   0x000f7a       data   0x000005
   .udata_CommandPrompt.o      udata   0x000f7f       data   0x000001
            SFR_UNBANKED0      udata   0x000f80       data   0x000080



                              Program Memory Usage 
                               Start         End      
                           ---------   ---------      
                            0x000000    0x00a6fc      
                            0x00a6fe    0x00a858      
                            0x00a85a    0x00a86f      
                            0x300001    0x300003      
                            0x300005    0x300006      
            43123 out of 50200 program addresses used, program memory utilization is 85%



                              Symbols - Sorted by Name
                     Name    Address   Location    Storage File                     
                ---------  ---------  ---------  --------- ---------                
             A2D_GetValue   0x00a004    program     extern E:\Projects\Damion\a2d.c 
     A2D_GetValue_Average   0x009f02    program     extern E:\Projects\Damion\a2d.c 
   A2D_GetValue_Interrupt   0x00a066    program     extern E:\Projects\Damion\a2d.c 
                 A2D_Init   0x009ee6    program     extern E:\Projects\Damion\a2d.c 
          A2D_Read_Result   0x00a092    program     extern E:\Projects\Damion\a2d.c 
                BIT_CLEAR   0x007ee0    program     extern E:\Projects\Damion\pic.c 
                  BIT_GET   0x007e5a    program     extern E:\Projects\Damion\pic.c 
                  BIT_SET   0x007e9e    program     extern E:\Projects\Damion\pic.c 
                   CRC_16   0x007602    program     extern E:\Projects\Damion\crc.c 
                CRC_CCITT   0x007772    program     extern E:\Projects\Damion\crc.c 
           CRC_CCITT_CHAR   0x007946    program     extern E:\Projects\Damion\crc.c 
               CRC_XModem   0x007c04    program     extern E:\Projects\Damion\crc.c 
              CRC_iButton   0x007a84    program     extern E:\Projects\Damion\crc.c 
               CheckReset   0x007fc6    program     extern E:\Projects\Damion\pic.c 
 CommandPrompt_AddCommand   0x00000e    program     extern E:\Projects\Damion\CommandPrompt.c
     CommandPrompt_DeInit   0x000fa2    program     extern E:\Projects\Damion\CommandPrompt.c
 CommandPrompt_DelCommand   0x000228    program     extern E:\Projects\Damion\CommandPrompt.c
       CommandPrompt_Init   0x0003ae    program     extern E:\Projects\Damion\CommandPrompt.c
CommandPrompt_IsValidChar   0x000fa4    program     extern E:\Projects\Damion\CommandPrompt.c
     CommandPrompt_Reboot   0x00111c    program     extern E:\Projects\Damion\CommandPrompt.c
       CommandPrompt_Save   0x0010e4    program     extern E:\Projects\Damion\CommandPrompt.c
        CommandPrompt_Set   0x0011f2    program     extern E:\Projects\Damion\CommandPrompt.c
    CommandPrompt_Set_Add   0x00010e    program     extern E:\Projects\Damion\CommandPrompt.c
 CommandPrompt_Set_Delete   0x0002e8    program     extern E:\Projects\Damion\CommandPrompt.c
CommandPrompt_TakeCommands   0x00045e    program     extern E:\Projects\Damion\CommandPrompt.c
       CommandPrompt_Test   0x00106e    program     extern E:\Projects\Damion\CommandPrompt.c
       CommandPrompt_Zero   0x001100    program     extern E:\Projects\Damion\CommandPrompt.c
CommandPrompt_szValidCharacters   0x00a6ba    program     extern E:\Projects\Damion\CommandPrompt.c
           Compose_Output   0x004f4e    program     extern E:\Projects\Damion\main.c
        Console_Attribute   0x004584    program     extern E:\Projects\Damion\ansi.c
      Console_Cursor_Down   0x003f08    program     extern E:\Projects\Damion\ansi.c
       Console_Cursor_Get   0x003bc2    program     extern E:\Projects\Damion\ansi.c
      Console_Cursor_Home   0x00363a    program     extern E:\Projects\Damion\ansi.c
      Console_Cursor_Left   0x003e88    program     extern E:\Projects\Damion\ansi.c
     Console_Cursor_Right   0x003e08    program     extern E:\Projects\Damion\ansi.c
       Console_Cursor_Set   0x003d74    program     extern E:\Projects\Damion\ansi.c
        Console_Cursor_Up   0x003f88    program     extern E:\Projects\Damion\ansi.c
     Console_Delete_Chars   0x003826    program     extern E:\Projects\Damion\ansi.c
     Console_Delete_Lines   0x0038a6    program     extern E:\Projects\Damion\ansi.c
         Console_Draw_Box   0x0033ca    program     extern E:\Projects\Damion\ansi.c
      Console_Erase_Above   0x003b56    program     extern E:\Projects\Damion\ansi.c
      Console_Erase_Below   0x003aea    program     extern E:\Projects\Damion\ansi.c
       Console_Erase_Left   0x003a12    program     extern E:\Projects\Damion\ansi.c
       Console_Erase_Line   0x0039a6    program     extern E:\Projects\Damion\ansi.c
      Console_Erase_Right   0x003a7e    program     extern E:\Projects\Damion\ansi.c
     Console_Insert_Lines   0x003926    program     extern E:\Projects\Damion\ansi.c
      Console_Repeat_Char   0x0036a6    program     extern E:\Projects\Damion\ansi.c
    Console_RestoreCursor   0x004074    program     extern E:\Projects\Damion\ansi.c
       Console_SaveCursor   0x0040e0    program     extern E:\Projects\Damion\ansi.c
      Console_Scroll_Down   0x003726    program     extern E:\Projects\Damion\ansi.c
        Console_Scroll_Up   0x0037a6    program     extern E:\Projects\Damion\ansi.c
              Console_cls   0x00414c    program     extern E:\Projects\Damion\ansi.c
          Console_getsize   0x0041b8    program     extern E:\Projects\Damion\ansi.c
            Console_query   0x004342    program     extern E:\Projects\Damion\ansi.c
            Console_reset   0x004008    program     extern E:\Projects\Damion\ansi.c
        Console_textcolor   0x0044d8    program     extern E:\Projects\Damion\ansi.c
                   D10K_1   0x00a70a    program     static C:\MCC18\v3_39\src\traditional\delays\d10ktcyx.asm
                    D10Kl   0x00a716    program     static C:\MCC18\v3_39\src\traditional\delays\d10ktcyx.asm
                    D10Kx   0x00a708    program     static C:\MCC18\v3_39\src\traditional\delays\d10ktcyx.asm
                   D1616S   0x008eb6    program     static C:\MCC18\v3_39\src\traditional\math\fxd1616s.asm
                D1616SNEG   0x008ec4    program     static C:\MCC18\v3_39\src\traditional\math\fxd1616s.asm
                 D1616SOK   0x008ec0    program     static C:\MCC18\v3_39\src\traditional\math\fxd1616s.asm
                  D1616SX   0x008ed6    program     static C:\MCC18\v3_39\src\traditional\math\fxd1616s.asm
                    D1K_1   0x00a7ac    program     static C:\MCC18\v3_39\src\traditional\delays\d1ktcyx.asm
                     D1Kx   0x00a7aa    program     static C:\MCC18\v3_39\src\traditional\delays\d1ktcyx.asm
                   D3232S   0x008f10    program     static C:\MCC18\v3_39\src\traditional\math\fxd3232s.asm
                D3232SNEG   0x008f1e    program     static C:\MCC18\v3_39\src\traditional\math\fxd3232s.asm
                 D3232SOK   0x008f1a    program     static C:\MCC18\v3_39\src\traditional\math\fxd3232s.asm
                  D3232SX   0x008f3e    program     static C:\MCC18\v3_39\src\traditional\math\fxd3232s.asm
                  DA1616S   0x008ea6    program     static C:\MCC18\v3_39\src\traditional\math\fxd1616s.asm
                  DA3232S   0x008efa    program     static C:\MCC18\v3_39\src\traditional\math\fxd3232s.asm
             Delay10KTCYx   0x00a6fe    program     extern C:\MCC18\v3_39\src\traditional\delays\d10ktcyx.asm
              Delay1KTCYx   0x00a7a0    program     extern C:\MCC18\v3_39\src\traditional\delays\d1ktcyx.asm
                  DoAbort   0x00536c    program     extern E:\Projects\Damion\main.c
              Draw_Screen   0x004bac    program     extern E:\Projects\Damion\main.c
              EEPROM_Read   0x0088c6    program     extern E:\Projects\Damion\eeprom.c
          EEPROM_Read_CRC   0x008ad0    program     extern E:\Projects\Damion\eeprom.c
             EEPROM_Write   0x0089bc    program     extern E:\Projects\Damion\eeprom.c
         EEPROM_Write_CRC   0x008c4c    program     extern E:\Projects\Damion\eeprom.c
                 FLO3232S   0x00915c    program     extern C:\MCC18\v3_39\src\traditional\math\cast32FP.asm
                 FLO3232U   0x009158    program     extern C:\MCC18\v3_39\src\traditional\math\cast32FP.asm
                    FPD32   0x00918e    program     extern C:\MCC18\v3_39\src\traditional\math\divFP.asm
                    FPM32   0x008dba    program     extern C:\MCC18\v3_39\src\traditional\math\mulFP.asm
                 FXD1616S   0x008e94    program     extern C:\MCC18\v3_39\src\traditional\math\fxd1616s.asm
                 FXD1616U   0x00a72c    program     extern C:\MCC18\v3_39\src\traditional\math\fxd1616u.c
                 FXD3232S   0x008ee0    program     extern C:\MCC18\v3_39\src\traditional\math\fxd3232s.asm
                 FXD3232U   0x00a672    program     extern C:\MCC18\v3_39\src\traditional\math\fxd3232u.c
                 FXM1616S   0x008f48    program     extern C:\MCC18\v3_39\src\traditional\math\fxm1616s.asm
                 FXM1616U   0x008fa2    program     extern C:\MCC18\v3_39\src\traditional\math\fxm1616u.asm
                  FXM3232   0x00a602    program     extern C:\MCC18\v3_39\src\traditional\math\fxm3232.c
                  INT3232   0x008fde    program     extern C:\MCC18\v3_39\src\traditional\math\castFP32.asm
                 Ignition   0x004a9a    program     extern E:\Projects\Damion\main.c
     Ignition_InjectorOff   0x004ba8    program     extern E:\Projects\Damion\main.c
      Ignition_InjectorOn   0x004ba4    program     extern E:\Projects\Damion\main.c
        Ignition_SparkOff   0x004b9c    program     extern E:\Projects\Damion\main.c
         Ignition_SparkOn   0x004b68    program     extern E:\Projects\Damion\main.c
           Initialize_PIC   0x007dd4    program     extern E:\Projects\Damion\pic.c 
     InterruptHandlerHigh   0x0083e0    program     extern E:\Projects\Damion\interrupts.c
      InterruptVectorHigh   0x000008    program     extern E:\Projects\Damion\interrupts.c
     Interrupts_A2D_Clear   0x008788    program     extern E:\Projects\Damion\interrupts.c
   Interrupts_A2D_Disable   0x0088b8    program     extern E:\Projects\Damion\interrupts.c
    Interrupts_A2D_Enable   0x0088b2    program     extern E:\Projects\Damion\interrupts.c
      Interrupts_A2D_Flag   0x00877c    program     extern E:\Projects\Damion\interrupts.c
Interrupts_Disable_Global   0x0086a4    program     extern E:\Projects\Damion\interrupts.c
Interrupts_Disable_Peripheral   0x0086a0    program     extern E:\Projects\Damion\interrupts.c
  Interrupts_EEPROM_Clear   0x008738    program     extern E:\Projects\Damion\interrupts.c
   Interrupts_EEPROM_Flag   0x00872c    program     extern E:\Projects\Damion\interrupts.c
   Interrupts_EEPROM_Wait   0x00873c    program     extern E:\Projects\Damion\interrupts.c
 Interrupts_Enable_Global   0x00869c    program     extern E:\Projects\Damion\interrupts.c
Interrupts_Enable_Peripheral   0x008698    program     extern E:\Projects\Damion\interrupts.c
 Interrupts_Enable_Timer0   0x0086ac    program     extern E:\Projects\Damion\interrupts.c
  Interrupts_I2CSPI_Clear   0x00889a    program     extern E:\Projects\Damion\interrupts.c
Interrupts_I2CSPI_Disable   0x008896    program     extern E:\Projects\Damion\interrupts.c
 Interrupts_I2CSPI_Enable   0x008890    program     extern E:\Projects\Damion\interrupts.c
   Interrupts_I2CSPI_Flag   0x008884    program     extern E:\Projects\Damion\interrupts.c
          Interrupts_Init   0x00833c    program     extern E:\Projects\Damion\interrupts.c
    Interrupts_Pin0_Clear   0x008750    program     extern E:\Projects\Damion\interrupts.c
  Interrupts_Pin0_Disable   0x0086b2    program     extern E:\Projects\Damion\interrupts.c
   Interrupts_Pin0_Enable   0x0086b6    program     extern E:\Projects\Damion\interrupts.c
  Interrupts_Pin0_Falling   0x0086dc    program     extern E:\Projects\Damion\interrupts.c
     Interrupts_Pin0_Flag   0x008744    program     extern E:\Projects\Damion\interrupts.c
   Interrupts_Pin0_Rising   0x0086d8    program     extern E:\Projects\Damion\interrupts.c
    Interrupts_Pin1_Clear   0x008768    program     extern E:\Projects\Damion\interrupts.c
  Interrupts_Pin1_Disable   0x0086ba    program     extern E:\Projects\Damion\interrupts.c
   Interrupts_Pin1_Enable   0x0086be    program     extern E:\Projects\Damion\interrupts.c
  Interrupts_Pin1_Falling   0x0086e4    program     extern E:\Projects\Damion\interrupts.c
     Interrupts_Pin1_Flag   0x008760    program     extern E:\Projects\Damion\interrupts.c
   Interrupts_Pin1_Rising   0x0086e0    program     extern E:\Projects\Damion\interrupts.c
    Interrupts_Pin2_Clear   0x008778    program     extern E:\Projects\Damion\interrupts.c
  Interrupts_Pin2_Disable   0x0086c4    program     extern E:\Projects\Damion\interrupts.c
   Interrupts_Pin2_Enable   0x0086c8    program     extern E:\Projects\Damion\interrupts.c
  Interrupts_Pin2_Falling   0x0086ec    program     extern E:\Projects\Damion\interrupts.c
     Interrupts_Pin2_Flag   0x00876c    program     extern E:\Projects\Damion\interrupts.c
   Interrupts_Pin2_Rising   0x0086e8    program     extern E:\Projects\Damion\interrupts.c
   Interrupts_Pin47_Clear   0x00875c    program     extern E:\Projects\Damion\interrupts.c
    Interrupts_Pin47_Flag   0x008754    program     extern E:\Projects\Damion\interrupts.c
Interrupts_Pins47_Disable   0x0086ce    program     extern E:\Projects\Damion\interrupts.c
 Interrupts_Pins47_Enable   0x0086d2    program     extern E:\Projects\Damion\interrupts.c
    Interrupts_RX_Disable   0x0087e4    program     extern E:\Projects\Damion\interrupts.c
     Interrupts_RX_Enable   0x0087be    program     extern E:\Projects\Damion\interrupts.c
       Interrupts_RX_Flag   0x00878c    program     extern E:\Projects\Damion\interrupts.c
    Interrupts_TX_Disable   0x00882e    program     extern E:\Projects\Damion\interrupts.c
     Interrupts_TX_Enable   0x008808    program     extern E:\Projects\Damion\interrupts.c
       Interrupts_TX_Flag   0x008852    program     extern E:\Projects\Damion\interrupts.c
  Interrupts_Timer0_Clear   0x0086fc    program     extern E:\Projects\Damion\interrupts.c
Interrupts_Timer0_Disable   0x0086a8    program     extern E:\Projects\Damion\interrupts.c
   Interrupts_Timer0_Flag   0x0086f0    program     extern E:\Projects\Damion\interrupts.c
  Interrupts_Timer1_Clear   0x008708    program     extern E:\Projects\Damion\interrupts.c
Interrupts_Timer1_Disable   0x0088ae    program     extern E:\Projects\Damion\interrupts.c
 Interrupts_Timer1_Enable   0x0088a8    program     extern E:\Projects\Damion\interrupts.c
   Interrupts_Timer1_Flag   0x008700    program     extern E:\Projects\Damion\interrupts.c
  Interrupts_Timer2_Clear   0x008718    program     extern E:\Projects\Damion\interrupts.c
Interrupts_Timer2_Disable   0x0088a4    program     extern E:\Projects\Damion\interrupts.c
 Interrupts_Timer2_Enable   0x00889e    program     extern E:\Projects\Damion\interrupts.c
   Interrupts_Timer2_Flag   0x00870c    program     extern E:\Projects\Damion\interrupts.c
  Interrupts_Timer3_Clear   0x008728    program     extern E:\Projects\Damion\interrupts.c
Interrupts_Timer3_Disable   0x0088c2    program     extern E:\Projects\Damion\interrupts.c
 Interrupts_Timer3_Enable   0x0088bc    program     extern E:\Projects\Damion\interrupts.c
   Interrupts_Timer3_Flag   0x00871c    program     extern E:\Projects\Damion\interrupts.c
                Log_Error   0x007f24    program     extern E:\Projects\Damion\pic.c 
           Loop_Configure   0x00a0e4    program     extern E:\Projects\Damion\loop.c
                Loop_Next   0x00a21a    program     extern E:\Projects\Damion\loop.c
                 PIN0_OFF   0x007db6    program     extern E:\Projects\Damion\pic.c 
                  PIN0_ON   0x007d9a    program     extern E:\Projects\Damion\pic.c 
                 PIN1_OFF   0x007dba    program     extern E:\Projects\Damion\pic.c 
                  PIN1_ON   0x007d9e    program     extern E:\Projects\Damion\pic.c 
                 PIN2_OFF   0x007dbe    program     extern E:\Projects\Damion\pic.c 
                  PIN2_ON   0x007da2    program     extern E:\Projects\Damion\pic.c 
                 PIN3_OFF   0x007dc2    program     extern E:\Projects\Damion\pic.c 
                  PIN3_ON   0x007da6    program     extern E:\Projects\Damion\pic.c 
                 PIN4_OFF   0x007dc6    program     extern E:\Projects\Damion\pic.c 
                  PIN4_ON   0x007daa    program     extern E:\Projects\Damion\pic.c 
                 PIN5_OFF   0x007dca    program     extern E:\Projects\Damion\pic.c 
                  PIN5_ON   0x007dae    program     extern E:\Projects\Damion\pic.c 
                 PIN6_OFF   0x007dd0    program     extern E:\Projects\Damion\pic.c 
                  PIN6_ON   0x007db2    program     extern E:\Projects\Damion\pic.c 
            PWM_Configure   0x009622    program     extern E:\Projects\Damion\pwm.c 
                PWM_Start   0x009618    program     extern E:\Projects\Damion\pwm.c 
                 PWM_Stop   0x00961e    program     extern E:\Projects\Damion\pwm.c 
                    Pause   0x001186    program     extern E:\Projects\Damion\CommandPrompt.c
Process_Serial_Single_Commands   0x005312    program     extern E:\Projects\Damion\main.c
             RPM_Overflow   0x004a52    program     extern E:\Projects\Damion\main.c
              Read_Config   0x00494e    program     extern E:\Projects\Damion\main.c
           Serial_GetChar   0x0026de    program     extern E:\Projects\Damion\serial.c
  Serial_Inject_RX_Buffer   0x002b64    program     extern E:\Projects\Damion\serial.c
Serial_Inject_String_RX_Buffer   0x002cce    program     extern E:\Projects\Damion\serial.c
    Serial_Input_Snapshot   0x002f18    program     extern E:\Projects\Damion\serial.c
           Serial_PutCRLF   0x0022ea    program     extern E:\Projects\Damion\serial.c
           Serial_PutChar   0x00256a    program     extern E:\Projects\Damion\serial.c
   Serial_RX_Data_Waiting   0x001fee    program     extern E:\Projects\Damion\serial.c
        Serial_RX_PutChar   0x002176    program     extern E:\Projects\Damion\serial.c
         Serial_Read_UART   0x002a12    program     extern E:\Projects\Damion\serial.c
Serial_Send_Byte_TX_Buffer   0x002d90    program     extern E:\Projects\Damion\serial.c
         Serial_Send_Data   0x002ec0    program     extern E:\Projects\Damion\serial.c
Serial_Send_Full_TX_Buffer   0x002d34    program     extern E:\Projects\Damion\serial.c
       Serial_Send_String   0x002e48    program     extern E:\Projects\Damion\serial.c
         Serial_Send_UART   0x002dea    program     extern E:\Projects\Damion\serial.c
         Serial_SetupUART   0x003022    program     extern E:\Projects\Damion\serial.c
   Serial_TX_Data_Waiting   0x0020b2    program     extern E:\Projects\Damion\serial.c
        Serial_TX_GetChar   0x002878    program     extern E:\Projects\Damion\serial.c
                Servo_Add   0x00742a    program     extern E:\Projects\Damion\servo.c
              Servo_Delay   0x0070e2    program     extern E:\Projects\Damion\servo.c
               Servo_Init   0x006e0a    program     extern E:\Projects\Damion\servo.c
             Servo_Remove   0x00759a    program     extern E:\Projects\Damion\servo.c
           Servo_SetAngle   0x007132    program     extern E:\Projects\Damion\servo.c
        Servo_Update_Func   0x006ec6    program     extern E:\Projects\Damion\servo.c
               TSIGN1616A   0x008f94    program     static C:\MCC18\v3_39\src\traditional\math\fxm1616s.asm
    Timers_Timer0_Disable   0x005cb4    program     extern E:\Projects\Damion\timer.c
     Timers_Timer0_Enable   0x005be2    program     extern E:\Projects\Damion\timer.c
   Timers_Timer0_GetValue   0x005d04    program     extern E:\Projects\Damion\timer.c
   Timers_Timer0_SetValue   0x005cb8    program     extern E:\Projects\Damion\timer.c
Timers_Timer1_DelayExecute   0x005e30    program     extern E:\Projects\Damion\timer.c
   Timers_Timer1_GetValue   0x005f16    program     extern E:\Projects\Damion\timer.c
   Timers_Timer1_SetValue   0x005eca    program     extern E:\Projects\Damion\timer.c
      Timers_Timer1_Start   0x005ec6    program     extern E:\Projects\Damion\timer.c
       Timers_Timer1_Stop   0x005ec2    program     extern E:\Projects\Damion\timer.c
    Timers_Timer1_uS_Init   0x005dfe    program     extern E:\Projects\Damion\timer.c
Timers_Timer1_uS_Queue_Add   0x00541e    program     extern E:\Projects\Damion\timer.c
Timers_Timer1_uS_Queue_Init   0x00575e    program     extern E:\Projects\Damion\timer.c
Timers_Timer1_uS_Queue_Process   0x005968    program     extern E:\Projects\Damion\timer.c
Timers_Timer1_uS_Queue_Start   0x005818    program     extern E:\Projects\Damion\timer.c
    Timers_Timer3_Disable   0x006086    program     extern E:\Projects\Damion\timer.c
     Timers_Timer3_Enable   0x006028    program     extern E:\Projects\Damion\timer.c
   Timers_Timer3_GetValue   0x0060d6    program     extern E:\Projects\Damion\timer.c
   Timers_Timer3_SetValue   0x00608a    program     extern E:\Projects\Damion\timer.c
                  _14jEnd   0x0095a4    program     static C:\MCC18\v3_39\src\traditional\stdclib\atolfix.asm
                  _14jEnd   0x00943c    program     static C:\MCC18\v3_39\src\traditional\stdclib\atol.asm
              _2jContinue   0x00a2ea    program     static C:\MCC18\v3_39\src\traditional\stdclib\memset.asm
                   _2jEnd   0x00a41e    program     static C:\MCC18\v3_39\src\traditional\stdclib\slenpgm.asm
                   _3jEnd   0x00a2f4    program     static C:\MCC18\v3_39\src\traditional\stdclib\memset.asm
       _D10KTCYXCODE_0010   0x00a70e    program     static C:\MCC18\v3_39\src\traditional\delays\d10ktcyx.asm
       _D10KTCYXCODE_001C   0x00a71a    program     static C:\MCC18\v3_39\src\traditional\delays\d10ktcyx.asm
        _D1KTCYXCODE_0010   0x00a7b0    program     static C:\MCC18\v3_39\src\traditional\delays\d1ktcyx.asm
        _D1KTCYXCODE_0016   0x00a7b6    program     static C:\MCC18\v3_39\src\traditional\delays\d1ktcyx.asm
                 __FpExit   0x009058    program     extern C:\MCC18\v3_39\src\traditional\math\packFP.asm
                 __FpPack   0x009084    program     extern C:\MCC18\v3_39\src\traditional\math\packFP.asm
            __FpReturnNaN   0x00904c    program     extern C:\MCC18\v3_39\src\traditional\math\packFP.asm
         __FpReturnNegInf   0x00905e    program     extern C:\MCC18\v3_39\src\traditional\math\packFP.asm
        __FpReturnNegZero   0x009076    program     extern C:\MCC18\v3_39\src\traditional\math\packFP.asm
         __FpReturnPosInf   0x009064    program     extern C:\MCC18\v3_39\src\traditional\math\packFP.asm
        __FpReturnPosZero   0x00907e    program     extern C:\MCC18\v3_39\src\traditional\math\packFP.asm
        __FpReturnSignInf   0x00905a    program     extern C:\MCC18\v3_39\src\traditional\math\packFP.asm
       __FpReturnSignZero   0x009072    program     extern C:\MCC18\v3_39\src\traditional\math\packFP.asm
              __FpReturnW   0x0090dc    program     extern C:\MCC18\v3_39\src\traditional\math\packFP.asm
              __FpUnPackA   0x0090fc    program     extern C:\MCC18\v3_39\src\traditional\math\UnpackFP.asm
              __FpUnPackB   0x00912c    program     extern C:\MCC18\v3_39\src\traditional\math\UnpackFP.asm
       ___return_lbl00000   0x00a756    program     static                          
       ___return_lbl00000   0x00a6b8    program     static                          
       ___return_lbl00000   0x000004    program     static                          
       ___return_lbl00000   0x00a670    program     static                          
       ___return_lbl00001   0x00a7fa    program     static                          
       ___return_lbl00002   0x00a57c    program     static                          
       ___return_lbl00004   0x00000c    program     static                          
               __config_0   0x300001    program     static E:\Projects\Damion\pic.c 
               __config_1   0x300002    program     static E:\Projects\Damion\pic.c 
               __config_2   0x300003    program     static E:\Projects\Damion\pic.c 
               __config_3   0x300005    program     static E:\Projects\Damion\pic.c 
               __config_4   0x300006    program     static E:\Projects\Damion\pic.c 
                   __init   0x00a86e    program     extern C:\MCC18\v3_39\src\traditional\stdclib\__init.c
                   __pa_0   0x006b28    program     static C:\MCC18\v3_39\src\traditional\stdclib\vfprintf.c
                   __pa_0   0x009b58    program     static C:\MCC18\v3_39\src\traditional\stdclib\atof.c
                   __pa_1   0x006b30    program     static C:\MCC18\v3_39\src\traditional\stdclib\vfprintf.c
                   __pa_1   0x009b88    program     static C:\MCC18\v3_39\src\traditional\stdclib\atof.c
                  __pa_10   0x006be4    program     static C:\MCC18\v3_39\src\traditional\stdclib\vfprintf.c
                  __pa_11   0x006bf2    program     static C:\MCC18\v3_39\src\traditional\stdclib\vfprintf.c
                  __pa_12   0x006c08    program     static C:\MCC18\v3_39\src\traditional\stdclib\vfprintf.c
                  __pa_13   0x006c22    program     static C:\MCC18\v3_39\src\traditional\stdclib\vfprintf.c
                  __pa_14   0x006c3a    program     static C:\MCC18\v3_39\src\traditional\stdclib\vfprintf.c
                  __pa_15   0x006c4a    program     static C:\MCC18\v3_39\src\traditional\stdclib\vfprintf.c
                  __pa_16   0x006c60    program     static C:\MCC18\v3_39\src\traditional\stdclib\vfprintf.c
                  __pa_17   0x006c72    program     static C:\MCC18\v3_39\src\traditional\stdclib\vfprintf.c
                  __pa_18   0x006c84    program     static C:\MCC18\v3_39\src\traditional\stdclib\vfprintf.c
                  __pa_19   0x006c8e    program     static C:\MCC18\v3_39\src\traditional\stdclib\vfprintf.c
                   __pa_2   0x009ba2    program     static C:\MCC18\v3_39\src\traditional\stdclib\atof.c
                   __pa_2   0x006b3a    program     static C:\MCC18\v3_39\src\traditional\stdclib\vfprintf.c
                  __pa_20   0x006c9e    program     static C:\MCC18\v3_39\src\traditional\stdclib\vfprintf.c
                  __pa_21   0x006cae    program     static C:\MCC18\v3_39\src\traditional\stdclib\vfprintf.c
                  __pa_22   0x006cbe    program     static C:\MCC18\v3_39\src\traditional\stdclib\vfprintf.c
                  __pa_23   0x006cca    program     static C:\MCC18\v3_39\src\traditional\stdclib\vfprintf.c
                  __pa_24   0x006cd8    program     static C:\MCC18\v3_39\src\traditional\stdclib\vfprintf.c
                  __pa_25   0x006ce0    program     static C:\MCC18\v3_39\src\traditional\stdclib\vfprintf.c
                  __pa_26   0x006cea    program     static C:\MCC18\v3_39\src\traditional\stdclib\vfprintf.c
                  __pa_27   0x006cf4    program     static C:\MCC18\v3_39\src\traditional\stdclib\vfprintf.c
                  __pa_28   0x006cfc    program     static C:\MCC18\v3_39\src\traditional\stdclib\vfprintf.c
                  __pa_29   0x006d0a    program     static C:\MCC18\v3_39\src\traditional\stdclib\vfprintf.c
                   __pa_3   0x009bd4    program     static C:\MCC18\v3_39\src\traditional\stdclib\atof.c
                   __pa_3   0x006b44    program     static C:\MCC18\v3_39\src\traditional\stdclib\vfprintf.c
                  __pa_30   0x006d26    program     static C:\MCC18\v3_39\src\traditional\stdclib\vfprintf.c
                  __pa_31   0x006d40    program     static C:\MCC18\v3_39\src\traditional\stdclib\vfprintf.c
                  __pa_32   0x006d5a    program     static C:\MCC18\v3_39\src\traditional\stdclib\vfprintf.c
                  __pa_33   0x006d72    program     static C:\MCC18\v3_39\src\traditional\stdclib\vfprintf.c
                  __pa_34   0x006d7c    program     static C:\MCC18\v3_39\src\traditional\stdclib\vfprintf.c
                  __pa_35   0x006d8a    program     static C:\MCC18\v3_39\src\traditional\stdclib\vfprintf.c
                  __pa_36   0x006d92    program     static C:\MCC18\v3_39\src\traditional\stdclib\vfprintf.c
                  __pa_37   0x006d9c    program     static C:\MCC18\v3_39\src\traditional\stdclib\vfprintf.c
                  __pa_38   0x006dac    program     static C:\MCC18\v3_39\src\traditional\stdclib\vfprintf.c
                  __pa_39   0x006dba    program     static C:\MCC18\v3_39\src\traditional\stdclib\vfprintf.c
                   __pa_4   0x009be8    program     static C:\MCC18\v3_39\src\traditional\stdclib\atof.c
                   __pa_4   0x006b5c    program     static C:\MCC18\v3_39\src\traditional\stdclib\vfprintf.c
                  __pa_40   0x006dc6    program     static C:\MCC18\v3_39\src\traditional\stdclib\vfprintf.c
                  __pa_41   0x006dd2    program     static C:\MCC18\v3_39\src\traditional\stdclib\vfprintf.c
                  __pa_42   0x006dda    program     static C:\MCC18\v3_39\src\traditional\stdclib\vfprintf.c
                  __pa_43   0x006de4    program     static C:\MCC18\v3_39\src\traditional\stdclib\vfprintf.c
                  __pa_44   0x006dea    program     static C:\MCC18\v3_39\src\traditional\stdclib\vfprintf.c
                  __pa_45   0x006df4    program     static C:\MCC18\v3_39\src\traditional\stdclib\vfprintf.c
                  __pa_46   0x006e00    program     static C:\MCC18\v3_39\src\traditional\stdclib\vfprintf.c
                   __pa_5   0x009c02    program     static C:\MCC18\v3_39\src\traditional\stdclib\atof.c
                   __pa_5   0x006b70    program     static C:\MCC18\v3_39\src\traditional\stdclib\vfprintf.c
                   __pa_6   0x006b8c    program     static C:\MCC18\v3_39\src\traditional\stdclib\vfprintf.c
                   __pa_6   0x009c18    program     static C:\MCC18\v3_39\src\traditional\stdclib\atof.c
                   __pa_7   0x006b96    program     static C:\MCC18\v3_39\src\traditional\stdclib\vfprintf.c
                   __pa_8   0x006ba2    program     static C:\MCC18\v3_39\src\traditional\stdclib\vfprintf.c
                   __pa_9   0x006bc4    program     static C:\MCC18\v3_39\src\traditional\stdclib\vfprintf.c
               __string_0   0x009cdf    program     static E:\Projects\Damion\main.c
               __string_0   0x009d94    program     static E:\Projects\Damion\ansi.c
               __string_0   0x009dfa    program     static E:\Projects\Damion\pic.c 
               __string_1   0x009d8e    program     static E:\Projects\Damion\ansi.c
               __string_1   0x009cc1    program     static E:\Projects\Damion\main.c
               __string_1   0x009ecd    program     static E:\Projects\Damion\CommandPrompt.c
               __string_1   0x009dea    program     static E:\Projects\Damion\pic.c 
              __string_10   0x009e87    program     static E:\Projects\Damion\CommandPrompt.c
              __string_10   0x009c4d    program     static E:\Projects\Damion\main.c
              __string_10   0x009d5c    program     static E:\Projects\Damion\ansi.c
              __string_11   0x009e6d    program     static E:\Projects\Damion\CommandPrompt.c
              __string_11   0x009c49    program     static E:\Projects\Damion\main.c
              __string_11   0x009d57    program     static E:\Projects\Damion\ansi.c
              __string_12   0x009e5f    program     static E:\Projects\Damion\CommandPrompt.c
              __string_12   0x009c45    program     static E:\Projects\Damion\main.c
              __string_12   0x009d52    program     static E:\Projects\Damion\ansi.c
              __string_13   0x009d49    program     static E:\Projects\Damion\ansi.c
              __string_13   0x009c41    program     static E:\Projects\Damion\main.c
              __string_13   0x009e40    program     static E:\Projects\Damion\CommandPrompt.c
              __string_14   0x009d43    program     static E:\Projects\Damion\ansi.c
              __string_14   0x009e3d    program     static E:\Projects\Damion\CommandPrompt.c
              __string_14   0x009c3d    program     static E:\Projects\Damion\main.c
              __string_15   0x009e34    program     static E:\Projects\Damion\CommandPrompt.c
              __string_15   0x009c30    program     static E:\Projects\Damion\main.c
              __string_15   0x009d3d    program     static E:\Projects\Damion\ansi.c
              __string_16   0x009d37    program     static E:\Projects\Damion\ansi.c
              __string_16   0x009e2b    program     static E:\Projects\Damion\CommandPrompt.c
              __string_16   0x009c20    program     static E:\Projects\Damion\main.c
              __string_17   0x009d31    program     static E:\Projects\Damion\ansi.c
              __string_17   0x009e22    program     static E:\Projects\Damion\CommandPrompt.c
              __string_18   0x009d2f    program     static E:\Projects\Damion\ansi.c
              __string_18   0x009e14    program     static E:\Projects\Damion\CommandPrompt.c
              __string_19   0x009d2b    program     static E:\Projects\Damion\ansi.c
              __string_19   0x009e0a    program     static E:\Projects\Damion\CommandPrompt.c
               __string_2   0x009ec7    program     static E:\Projects\Damion\CommandPrompt.c
               __string_2   0x009de0    program     static E:\Projects\Damion\pic.c 
               __string_2   0x009cb8    program     static E:\Projects\Damion\main.c
               __string_2   0x009d88    program     static E:\Projects\Damion\ansi.c
              __string_20   0x009d27    program     static E:\Projects\Damion\ansi.c
              __string_21   0x009d22    program     static E:\Projects\Damion\ansi.c
              __string_22   0x009d1c    program     static E:\Projects\Damion\ansi.c
              __string_23   0x009d10    program     static E:\Projects\Damion\ansi.c
              __string_24   0x009d0a    program     static E:\Projects\Damion\ansi.c
               __string_3   0x009cb0    program     static E:\Projects\Damion\main.c
               __string_3   0x009ebf    program     static E:\Projects\Damion\CommandPrompt.c
               __string_3   0x009d82    program     static E:\Projects\Damion\ansi.c
               __string_3   0x009dd6    program     static E:\Projects\Damion\pic.c 
               __string_4   0x009cac    program     static E:\Projects\Damion\main.c
               __string_4   0x009ebb    program     static E:\Projects\Damion\CommandPrompt.c
               __string_4   0x009d7c    program     static E:\Projects\Damion\ansi.c
               __string_4   0x009dcb    program     static E:\Projects\Damion\pic.c 
               __string_5   0x009c9d    program     static E:\Projects\Damion\main.c
               __string_5   0x009eb6    program     static E:\Projects\Damion\CommandPrompt.c
               __string_5   0x009d76    program     static E:\Projects\Damion\ansi.c
               __string_5   0x009dc0    program     static E:\Projects\Damion\pic.c 
               __string_6   0x009c89    program     static E:\Projects\Damion\main.c
               __string_6   0x009eb2    program     static E:\Projects\Damion\CommandPrompt.c
               __string_6   0x009d70    program     static E:\Projects\Damion\ansi.c
               __string_6   0x009db6    program     static E:\Projects\Damion\pic.c 
               __string_7   0x009c77    program     static E:\Projects\Damion\main.c
               __string_7   0x009dac    program     static E:\Projects\Damion\pic.c 
               __string_7   0x009ead    program     static E:\Projects\Damion\CommandPrompt.c
               __string_7   0x009d6b    program     static E:\Projects\Damion\ansi.c
               __string_8   0x009c66    program     static E:\Projects\Damion\main.c
               __string_8   0x009da2    program     static E:\Projects\Damion\pic.c 
               __string_8   0x009e96    program     static E:\Projects\Damion\CommandPrompt.c
               __string_8   0x009d66    program     static E:\Projects\Damion\ansi.c
               __string_9   0x009c5a    program     static E:\Projects\Damion\main.c
               __string_9   0x009d98    program     static E:\Projects\Damion\pic.c 
               __string_9   0x009e8c    program     static E:\Projects\Damion\CommandPrompt.c
               __string_9   0x009d61    program     static E:\Projects\Damion\ansi.c
              __tmplbl_16   0x000f72    program     static                          
              __tmplbl_33   0x000538    program     static                          
              __tmplbl_42   0x006cbe    program     static                          
              __tmplbl_43   0x006b06    program     static                          
              __tmplbl_44   0x006aec    program     static                          
              __tmplbl_85   0x00623e    program     static                          
            __zero_memory   0x00a7c0    program     extern C:\MCC18\v3_39\src\traditional\proc\p18F2525.asm
                _do_cinit   0x00a4e0    program     extern C:\MCC18\v3_39\src\traditional\startup\c018i.c
                   _entry   0x000000    program     extern C:\MCC18\v3_39\src\traditional\startup\c018i.c
                   _false   0x00a6b4    program     static                          
                 _startup   0x00a7e0    program     extern C:\MCC18\v3_39\src\traditional\startup\c018i.c
              _usart_putc   0x00a7fc    program     extern C:\MCC18\v3_39\src\pmc_common\USART\_usartpc.asm
               _user_putc   0x00a86c    program     extern C:\MCC18\v3_39\src\traditional\stdclib\_user_putc.c
                     atof   0x00994e    program     extern C:\MCC18\v3_39\src\traditional\stdclib\atof.c
                     atoi   0x009234    program     extern C:\MCC18\v3_39\src\traditional\stdclib\atoi.asm
                     atol   0x00931e    program     extern C:\MCC18\v3_39\src\traditional\stdclib\atol.asm
                  atolfix   0x009474    program     extern C:\MCC18\v3_39\src\traditional\stdclib\atolfix.asm
                compare_l   0x00a7d6    program     static C:\MCC18\v3_39\src\traditional\proc\p18F2525.asm
                copy_loop   0x00a552    program     static                          
            copy_one_byte   0x00a558    program     static                          
                     done   0x00a57c    program     static                          
             done_copying   0x00a566    program     static                          
                  endloop   0x00a752    program     static                          
                    isBOR   0x00a85a    program     extern C:\MCC18\v3_39\src\pmc_common\reset\isbor.c
                    isLVD   0x00a866    program     extern C:\MCC18\v3_39\src\pmc_common\reset\islvd.c
                   isMCLR   0x00a77c    program     extern C:\MCC18\v3_39\src\pmc_common\reset\ismclr.c
                    isPOR   0x00a830    program     extern C:\MCC18\v3_39\src\pmc_common\reset\ispor.c
                  isWDTTO   0x00a818    program     extern C:\MCC18\v3_39\src\pmc_common\reset\iswdtto.c
                  isdigit   0x00a758    program     extern C:\MCC18\v3_39\src\traditional\stdclib\isdigit.asm
                 jANotInf   0x008dd8    program     static C:\MCC18\v3_39\src\traditional\math\mulFP.asm
                 jANotInf   0x0091ac    program     static C:\MCC18\v3_39\src\traditional\math\divFP.asm
                jANotZero   0x0091c0    program     static C:\MCC18\v3_39\src\traditional\math\divFP.asm
              jBothFinite   0x008de6    program     static C:\MCC18\v3_39\src\traditional\math\mulFP.asm
             jBothNotZero   0x008df2    program     static C:\MCC18\v3_39\src\traditional\math\mulFP.asm
                     jEnd   0x00a38a    program     static C:\MCC18\v3_39\src\traditional\stdclib\scmpp2r.asm
                     jEnd   0x00a35c    program     static C:\MCC18\v3_39\src\traditional\stdclib\scmpp2p.asm
                     jEnd   0x00a2fc    program     static C:\MCC18\v3_39\src\traditional\stdclib\memset.asm
                     jEnd   0x00a3e8    program     static C:\MCC18\v3_39\src\traditional\stdclib\strlen.asm
                     jEnd   0x00a420    program     static C:\MCC18\v3_39\src\traditional\stdclib\slenpgm.asm
                     jEnd   0x0095a4    program     static C:\MCC18\v3_39\src\traditional\stdclib\atolfix.asm
                     jEnd   0x0092f2    program     static C:\MCC18\v3_39\src\traditional\stdclib\atoi.asm
                     jEnd   0x00943c    program     static C:\MCC18\v3_39\src\traditional\stdclib\atol.asm
                 jEndLoop   0x0092da    program     static C:\MCC18\v3_39\src\traditional\stdclib\atoi.asm
                 jEndLoop   0x009578    program     static C:\MCC18\v3_39\src\traditional\stdclib\atolfix.asm
                 jEndLoop   0x00940c    program     static C:\MCC18\v3_39\src\traditional\stdclib\atol.asm
                    jExit   0x00904a    program     static C:\MCC18\v3_39\src\traditional\math\castFP32.asm
                jHaveZero   0x008dee    program     static C:\MCC18\v3_39\src\traditional\math\mulFP.asm
                jI2F32Beg   0x009174    program     static C:\MCC18\v3_39\src\traditional\math\cast32FP.asm
                    jLoop   0x00a408    program     static C:\MCC18\v3_39\src\traditional\stdclib\slenpgm.asm
                    jLoop   0x0091e8    program     static C:\MCC18\v3_39\src\traditional\math\divFP.asm
                    jLoop   0x00a3de    program     static C:\MCC18\v3_39\src\traditional\stdclib\strlen.asm
                    jLoop   0x00a3b4    program     static C:\MCC18\v3_39\src\traditional\stdclib\strcpy.asm
                    jLoop   0x00a37e    program     static C:\MCC18\v3_39\src\traditional\stdclib\scmpp2r.asm
                    jLoop   0x00a300    program     static C:\MCC18\v3_39\src\traditional\stdclib\scmpp2p.asm
                    jLoop   0x00901e    program     static C:\MCC18\v3_39\src\traditional\math\castFP32.asm
                    jLoop   0x00928c    program     static C:\MCC18\v3_39\src\traditional\stdclib\atoi.asm
                    jLoop   0x00a2de    program     static C:\MCC18\v3_39\src\traditional\stdclib\memset.asm
                    jLoop   0x0094d2    program     static C:\MCC18\v3_39\src\traditional\stdclib\atolfix.asm
                    jLoop   0x00937e    program     static C:\MCC18\v3_39\src\traditional\stdclib\atol.asm
                   jLoop1   0x0094e0    program     static C:\MCC18\v3_39\src\traditional\stdclib\atolfix.asm
                jLoopExit   0x009032    program     static C:\MCC18\v3_39\src\traditional\math\castFP32.asm
                   jMatch   0x00a778    program     static C:\MCC18\v3_39\src\traditional\stdclib\isdigit.asm
                     jMax   0x008fee    program     static C:\MCC18\v3_39\src\traditional\math\castFP32.asm
                  jMaxNeg   0x009000    program     static C:\MCC18\v3_39\src\traditional\math\castFP32.asm
                  jMaxPos   0x008ff2    program     static C:\MCC18\v3_39\src\traditional\math\castFP32.asm
                    jNext   0x00920e    program     static C:\MCC18\v3_39\src\traditional\math\divFP.asm
                jNoAdjust   0x00920c    program     static C:\MCC18\v3_39\src\traditional\math\divFP.asm
                 jNoMatch   0x00a77a    program     static C:\MCC18\v3_39\src\traditional\stdclib\isdigit.asm
                  jNotInf   0x00900c    program     static C:\MCC18\v3_39\src\traditional\math\castFP32.asm
                  jPkLoop   0x009092    program     static C:\MCC18\v3_39\src\traditional\math\packFP.asm
             jPkRoundDone   0x0090dc    program     static C:\MCC18\v3_39\src\traditional\math\packFP.asm
               jPkRoundIt   0x0090c4    program     static C:\MCC18\v3_39\src\traditional\math\packFP.asm
             jPkShiftDone   0x0090ae    program     static C:\MCC18\v3_39\src\traditional\math\packFP.asm
           jReturnPosInf0   0x009068    program     static C:\MCC18\v3_39\src\traditional\math\packFP.asm
              jSignedZero   0x0091b6    program     static C:\MCC18\v3_39\src\traditional\math\divFP.asm
                  jSkipWS   0x009354    program     static C:\MCC18\v3_39\src\traditional\stdclib\atol.asm
                  jSkipWS   0x00949c    program     static C:\MCC18\v3_39\src\traditional\stdclib\atolfix.asm
                  jSkipWS   0x009262    program     static C:\MCC18\v3_39\src\traditional\stdclib\atoi.asm
                 jSkipWS1   0x009366    program     static C:\MCC18\v3_39\src\traditional\stdclib\atol.asm
                 jSkipWS1   0x0094ae    program     static C:\MCC18\v3_39\src\traditional\stdclib\atolfix.asm
                 jSkipWS1   0x009274    program     static C:\MCC18\v3_39\src\traditional\stdclib\atoi.asm
                 jTstSign   0x00936a    program     static C:\MCC18\v3_39\src\traditional\stdclib\atol.asm
                 jTstSign   0x009278    program     static C:\MCC18\v3_39\src\traditional\stdclib\atoi.asm
                 jTstSign   0x0094b2    program     static C:\MCC18\v3_39\src\traditional\stdclib\atolfix.asm
                jTstSign1   0x009284    program     static C:\MCC18\v3_39\src\traditional\stdclib\atoi.asm
                jTstSign1   0x0094be    program     static C:\MCC18\v3_39\src\traditional\stdclib\atolfix.asm
                jTstSign1   0x009376    program     static C:\MCC18\v3_39\src\traditional\stdclib\atol.asm
                jTstSign2   0x0094c4    program     static C:\MCC18\v3_39\src\traditional\stdclib\atolfix.asm
                jTstSign2   0x00928a    program     static C:\MCC18\v3_39\src\traditional\stdclib\atoi.asm
                jTstSign2   0x00937c    program     static C:\MCC18\v3_39\src\traditional\stdclib\atol.asm
                jTstSign3   0x00928c    program     static C:\MCC18\v3_39\src\traditional\stdclib\atoi.asm
                jTstSign3   0x0094c6    program     static C:\MCC18\v3_39\src\traditional\stdclib\atolfix.asm
                jTstSign3   0x00937e    program     static C:\MCC18\v3_39\src\traditional\stdclib\atol.asm
                  jUnpkA1   0x009106    program     static C:\MCC18\v3_39\src\traditional\math\UnpackFP.asm
                  jUnpkA2   0x00911e    program     static C:\MCC18\v3_39\src\traditional\math\UnpackFP.asm
                 jUnpkANZ   0x009114    program     static C:\MCC18\v3_39\src\traditional\math\UnpackFP.asm
                  jUnpkB1   0x009136    program     static C:\MCC18\v3_39\src\traditional\math\UnpackFP.asm
                  jUnpkB2   0x00914e    program     static C:\MCC18\v3_39\src\traditional\math\UnpackFP.asm
                 jUnpkBNZ   0x009144    program     static C:\MCC18\v3_39\src\traditional\math\UnpackFP.asm
                 jUnpkNaN   0x009128    program     static C:\MCC18\v3_39\src\traditional\math\UnpackFP.asm
                   jWr123   0x008ff8    program     static C:\MCC18\v3_39\src\traditional\math\castFP32.asm
                  jWrZ123   0x009008    program     static C:\MCC18\v3_39\src\traditional\math\castFP32.asm
                    jZero   0x009006    program     static C:\MCC18\v3_39\src\traditional\math\castFP32.asm
               jZero1and2   0x00906c    program     static C:\MCC18\v3_39\src\traditional\math\packFP.asm
                     loop   0x00a7f0    program     static                          
                     loop   0x00a736    program     static                          
                     loop   0x00a680    program     static                          
                     loop   0x00a80c    program     static C:\MCC18\v3_39\src\pmc_common\USART\_usartpc.asm
                   loop_h   0x00a7ce    program     static C:\MCC18\v3_39\src\traditional\proc\p18F2525.asm
                   loop_l   0x00a7d8    program     static C:\MCC18\v3_39\src\traditional\proc\p18F2525.asm
                     main   0x004604    program     extern E:\Projects\Damion\main.c
                   memset   0x00a2ca    program     extern C:\MCC18\v3_39\src\traditional\stdclib\memset.asm
                     putc   0x00a57e    program     extern C:\MCC18\v3_39\src\traditional\stdclib\putc.c
                 s_digits   0x00a848    program     static C:\MCC18\v3_39\src\traditional\stdclib\vfprintf.c
            s_put_n_chars   0x0061e8    program     static C:\MCC18\v3_39\src\traditional\stdclib\vfprintf.c
                  sprintf   0x00a434    program     extern C:\MCC18\v3_39\src\traditional\stdclib\sprintf.c
                strcmppgm   0x00a2fe    program     extern C:\MCC18\v3_39\src\traditional\stdclib\scmpp2p.asm
            strcmppgm2ram   0x00a360    program     extern C:\MCC18\v3_39\src\traditional\stdclib\scmpp2r.asm
                   strcpy   0x00a38c    program     extern C:\MCC18\v3_39\src\traditional\stdclib\strcpy.asm
                   strlen   0x00a3ce    program     extern C:\MCC18\v3_39\src\traditional\stdclib\strlen.asm
                strlenpgm   0x00a3ea    program     extern C:\MCC18\v3_39\src\traditional\stdclib\slenpgm.asm
                     test   0x00a4fa    program     static                          
                 vfprintf   0x006214    program     extern C:\MCC18\v3_39\src\traditional\stdclib\vfprintf.c
               zero_block   0x00a7ce    program     static C:\MCC18\v3_39\src\traditional\proc\p18F2525.asm
                   ADCON0   0x000fc2       data     extern C:\MCC18\v3_39\src\traditional\proc\p18F2525.asm
               ADCON0bits   0x000fc2       data     extern C:\MCC18\v3_39\src\traditional\proc\p18F2525.asm
                   ADCON1   0x000fc1       data     extern C:\MCC18\v3_39\src\traditional\proc\p18F2525.asm
               ADCON1bits   0x000fc1       data     extern C:\MCC18\v3_39\src\traditional\proc\p18F2525.asm
                   ADCON2   0x000fc0       data     extern C:\MCC18\v3_39\src\traditional\proc\p18F2525.asm
               ADCON2bits   0x000fc0       data     extern C:\MCC18\v3_39\src\traditional\proc\p18F2525.asm
                    ADRES   0x000fc3       data     extern C:\MCC18\v3_39\src\traditional\proc\p18F2525.asm
                   ADRESH   0x000fc4       data     extern C:\MCC18\v3_39\src\traditional\proc\p18F2525.asm
                   ADRESL   0x000fc3       data     extern C:\MCC18\v3_39\src\traditional\proc\p18F2525.asm
                    Abort   0x0002bd       data     extern E:\Projects\Damion\pic.c 
                  BAUDCON   0x000fb8       data     extern C:\MCC18\v3_39\src\traditional\proc\p18F2525.asm
              BAUDCONbits   0x000fb8       data     extern C:\MCC18\v3_39\src\traditional\proc\p18F2525.asm
                  BAUDCTL   0x000fb8       data     extern C:\MCC18\v3_39\src\traditional\proc\p18F2525.asm
              BAUDCTLbits   0x000fb8       data     extern C:\MCC18\v3_39\src\traditional\proc\p18F2525.asm
                      BSR   0x000fe0       data     extern C:\MCC18\v3_39\src\traditional\proc\p18F2525.asm
                  CCP1CON   0x000fbd       data     extern C:\MCC18\v3_39\src\traditional\proc\p18F2525.asm
              CCP1CONbits   0x000fbd       data     extern C:\MCC18\v3_39\src\traditional\proc\p18F2525.asm
                  CCP2CON   0x000fba       data     extern C:\MCC18\v3_39\src\traditional\proc\p18F2525.asm
              CCP2CONbits   0x000fba       data     extern C:\MCC18\v3_39\src\traditional\proc\p18F2525.asm
                    CCPR1   0x000fbe       data     extern C:\MCC18\v3_39\src\traditional\proc\p18F2525.asm
                   CCPR1H   0x000fbf       data     extern C:\MCC18\v3_39\src\traditional\proc\p18F2525.asm
                   CCPR1L   0x000fbe       data     extern C:\MCC18\v3_39\src\traditional\proc\p18F2525.asm
                    CCPR2   0x000fbb       data     extern C:\MCC18\v3_39\src\traditional\proc\p18F2525.asm
                   CCPR2H   0x000fbc       data     extern C:\MCC18\v3_39\src\traditional\proc\p18F2525.asm
                   CCPR2L   0x000fbb       data     extern C:\MCC18\v3_39\src\traditional\proc\p18F2525.asm
                    CMCON   0x000fb4       data     extern C:\MCC18\v3_39\src\traditional\proc\p18F2525.asm
                CMCONbits   0x000fb4       data     extern C:\MCC18\v3_39\src\traditional\proc\p18F2525.asm
                   CVRCON   0x000fb5       data     extern C:\MCC18\v3_39\src\traditional\proc\p18F2525.asm
               CVRCONbits   0x000fb5       data     extern C:\MCC18\v3_39\src\traditional\proc\p18F2525.asm
   CommandPrompt_Commands   0x000f00       data     extern E:\Projects\Damion\CommandPrompt.c
       CommandPrompt_Sets   0x0001a0       data     extern E:\Projects\Damion\CommandPrompt.c
      Command_Serial_Port   0x000f7f       data     extern E:\Projects\Damion\CommandPrompt.c
                     DDRA   0x000f92       data     extern C:\MCC18\v3_39\src\traditional\proc\p18F2525.asm
                 DDRAbits   0x000f92       data     extern C:\MCC18\v3_39\src\traditional\proc\p18F2525.asm
                     DDRB   0x000f93       data     extern C:\MCC18\v3_39\src\traditional\proc\p18F2525.asm
                 DDRBbits   0x000f93       data     extern C:\MCC18\v3_39\src\traditional\proc\p18F2525.asm
                     DDRC   0x000f94       data     extern C:\MCC18\v3_39\src\traditional\proc\p18F2525.asm
                 DDRCbits   0x000f94       data     extern C:\MCC18\v3_39\src\traditional\proc\p18F2525.asm
            DelayCounter1   0x000021       data     extern C:\MCC18\v3_39\src\traditional\delays\delayd1.asm
            DelayCounter2   0x000020       data     extern C:\MCC18\v3_39\src\traditional\delays\delayd2.asm
                  ECCP1AS   0x000fb6       data     extern C:\MCC18\v3_39\src\traditional\proc\p18F2525.asm
              ECCP1ASbits   0x000fb6       data     extern C:\MCC18\v3_39\src\traditional\proc\p18F2525.asm
                 ECCP1DEL   0x000fb7       data     extern C:\MCC18\v3_39\src\traditional\proc\p18F2525.asm
             ECCP1DELbits   0x000fb7       data     extern C:\MCC18\v3_39\src\traditional\proc\p18F2525.asm
                   ECCPAS   0x000fb6       data     extern C:\MCC18\v3_39\src\traditional\proc\p18F2525.asm
               ECCPASbits   0x000fb6       data     extern C:\MCC18\v3_39\src\traditional\proc\p18F2525.asm
                    EEADR   0x000fa9       data     extern C:\MCC18\v3_39\src\traditional\proc\p18F2525.asm
                   EEADRH   0x000faa       data     extern C:\MCC18\v3_39\src\traditional\proc\p18F2525.asm
                   EECON1   0x000fa6       data     extern C:\MCC18\v3_39\src\traditional\proc\p18F2525.asm
               EECON1bits   0x000fa6       data     extern C:\MCC18\v3_39\src\traditional\proc\p18F2525.asm
                   EECON2   0x000fa7       data     extern C:\MCC18\v3_39\src\traditional\proc\p18F2525.asm
                   EEDATA   0x000fa8       data     extern C:\MCC18\v3_39\src\traditional\proc\p18F2525.asm
                     FSR0   0x000fe9       data     extern C:\MCC18\v3_39\src\traditional\proc\p18F2525.asm
                    FSR0H   0x000fea       data     extern C:\MCC18\v3_39\src\traditional\proc\p18F2525.asm
                    FSR0L   0x000fe9       data     extern C:\MCC18\v3_39\src\traditional\proc\p18F2525.asm
                     FSR1   0x000fe1       data     extern C:\MCC18\v3_39\src\traditional\proc\p18F2525.asm
                    FSR1H   0x000fe2       data     extern C:\MCC18\v3_39\src\traditional\proc\p18F2525.asm
                    FSR1L   0x000fe1       data     extern C:\MCC18\v3_39\src\traditional\proc\p18F2525.asm
                     FSR2   0x000fd9       data     extern C:\MCC18\v3_39\src\traditional\proc\p18F2525.asm
                    FSR2H   0x000fda       data     extern C:\MCC18\v3_39\src\traditional\proc\p18F2525.asm
                    FSR2L   0x000fd9       data     extern C:\MCC18\v3_39\src\traditional\proc\p18F2525.asm
                  HLVDCON   0x000fd2       data     extern C:\MCC18\v3_39\src\traditional\proc\p18F2525.asm
              HLVDCONbits   0x000fd2       data     extern C:\MCC18\v3_39\src\traditional\proc\p18F2525.asm
                    INDF0   0x000fef       data     extern C:\MCC18\v3_39\src\traditional\proc\p18F2525.asm
                    INDF1   0x000fe7       data     extern C:\MCC18\v3_39\src\traditional\proc\p18F2525.asm
                    INDF2   0x000fdf       data     extern C:\MCC18\v3_39\src\traditional\proc\p18F2525.asm
                   INTCON   0x000ff2       data     extern C:\MCC18\v3_39\src\traditional\proc\p18F2525.asm
                  INTCON2   0x000ff1       data     extern C:\MCC18\v3_39\src\traditional\proc\p18F2525.asm
              INTCON2bits   0x000ff1       data     extern C:\MCC18\v3_39\src\traditional\proc\p18F2525.asm
                  INTCON3   0x000ff0       data     extern C:\MCC18\v3_39\src\traditional\proc\p18F2525.asm
              INTCON3bits   0x000ff0       data     extern C:\MCC18\v3_39\src\traditional\proc\p18F2525.asm
               INTCONbits   0x000ff2       data     extern C:\MCC18\v3_39\src\traditional\proc\p18F2525.asm
                     IPR1   0x000f9f       data     extern C:\MCC18\v3_39\src\traditional\proc\p18F2525.asm
                 IPR1bits   0x000f9f       data     extern C:\MCC18\v3_39\src\traditional\proc\p18F2525.asm
                     IPR2   0x000fa2       data     extern C:\MCC18\v3_39\src\traditional\proc\p18F2525.asm
                 IPR2bits   0x000fa2       data     extern C:\MCC18\v3_39\src\traditional\proc\p18F2525.asm
  Interrupts_A2D_Function   0x0002ae       data     extern E:\Projects\Damion\interrupts.c
Interrupts_EEPROM_Function   0x0002b0       data     extern E:\Projects\Damion\interrupts.c
Interrupts_I2CSPI_Function   0x0002ac       data     extern E:\Projects\Damion\interrupts.c
 Interrupts_Pin0_Function   0x0002a4       data     extern E:\Projects\Damion\interrupts.c
 Interrupts_Pin1_Function   0x0002a6       data     extern E:\Projects\Damion\interrupts.c
 Interrupts_Pin2_Function   0x0002a8       data     extern E:\Projects\Damion\interrupts.c
Interrupts_Pin47_Function   0x0002aa       data     extern E:\Projects\Damion\interrupts.c
   Interrupts_RX_Function   0x000298       data     extern E:\Projects\Damion\interrupts.c
   Interrupts_TX_Function   0x00029a       data     extern E:\Projects\Damion\interrupts.c
Interrupts_Timer0_Function   0x00029c       data     extern E:\Projects\Damion\interrupts.c
Interrupts_Timer1_Function   0x00029e       data     extern E:\Projects\Damion\interrupts.c
Interrupts_Timer2_Function   0x0002a0       data     extern E:\Projects\Damion\interrupts.c
Interrupts_Timer3_Function   0x0002a2       data     extern E:\Projects\Damion\interrupts.c
                     LATA   0x000f89       data     extern C:\MCC18\v3_39\src\traditional\proc\p18F2525.asm
                 LATAbits   0x000f89       data     extern C:\MCC18\v3_39\src\traditional\proc\p18F2525.asm
                     LATB   0x000f8a       data     extern C:\MCC18\v3_39\src\traditional\proc\p18F2525.asm
                 LATBbits   0x000f8a       data     extern C:\MCC18\v3_39\src\traditional\proc\p18F2525.asm
                     LATC   0x000f8b       data     extern C:\MCC18\v3_39\src\traditional\proc\p18F2525.asm
                 LATCbits   0x000f8b       data     extern C:\MCC18\v3_39\src\traditional\proc\p18F2525.asm
                   LVDCON   0x000fd2       data     extern C:\MCC18\v3_39\src\traditional\proc\p18F2525.asm
               LVDCONbits   0x000fd2       data     extern C:\MCC18\v3_39\src\traditional\proc\p18F2525.asm
               Lawn_Mower   0x000180       data     extern E:\Projects\Damion\main.c
                   OSCCON   0x000fd3       data     extern C:\MCC18\v3_39\src\traditional\proc\p18F2525.asm
               OSCCONbits   0x000fd3       data     extern C:\MCC18\v3_39\src\traditional\proc\p18F2525.asm
                  OSCTUNE   0x000f9b       data     extern C:\MCC18\v3_39\src\traditional\proc\p18F2525.asm
              OSCTUNEbits   0x000f9b       data     extern C:\MCC18\v3_39\src\traditional\proc\p18F2525.asm
                       PC   0x000ff9       data     extern C:\MCC18\v3_39\src\traditional\proc\p18F2525.asm
                      PCL   0x000ff9       data     extern C:\MCC18\v3_39\src\traditional\proc\p18F2525.asm
                   PCLATH   0x000ffa       data     extern C:\MCC18\v3_39\src\traditional\proc\p18F2525.asm
                   PCLATU   0x000ffb       data     extern C:\MCC18\v3_39\src\traditional\proc\p18F2525.asm
                     PIE1   0x000f9d       data     extern C:\MCC18\v3_39\src\traditional\proc\p18F2525.asm
                 PIE1bits   0x000f9d       data     extern C:\MCC18\v3_39\src\traditional\proc\p18F2525.asm
                     PIE2   0x000fa0       data     extern C:\MCC18\v3_39\src\traditional\proc\p18F2525.asm
                 PIE2bits   0x000fa0       data     extern C:\MCC18\v3_39\src\traditional\proc\p18F2525.asm
                     PIR1   0x000f9e       data     extern C:\MCC18\v3_39\src\traditional\proc\p18F2525.asm
                 PIR1bits   0x000f9e       data     extern C:\MCC18\v3_39\src\traditional\proc\p18F2525.asm
                     PIR2   0x000fa1       data     extern C:\MCC18\v3_39\src\traditional\proc\p18F2525.asm
                 PIR2bits   0x000fa1       data     extern C:\MCC18\v3_39\src\traditional\proc\p18F2525.asm
                   PLUSW0   0x000feb       data     extern C:\MCC18\v3_39\src\traditional\proc\p18F2525.asm
                   PLUSW1   0x000fe3       data     extern C:\MCC18\v3_39\src\traditional\proc\p18F2525.asm
                   PLUSW2   0x000fdb       data     extern C:\MCC18\v3_39\src\traditional\proc\p18F2525.asm
                    PORTA   0x000f80       data     extern C:\MCC18\v3_39\src\traditional\proc\p18F2525.asm
                PORTAbits   0x000f80       data     extern C:\MCC18\v3_39\src\traditional\proc\p18F2525.asm
                    PORTB   0x000f81       data     extern C:\MCC18\v3_39\src\traditional\proc\p18F2525.asm
                PORTBbits   0x000f81       data     extern C:\MCC18\v3_39\src\traditional\proc\p18F2525.asm
                    PORTC   0x000f82       data     extern C:\MCC18\v3_39\src\traditional\proc\p18F2525.asm
                PORTCbits   0x000f82       data     extern C:\MCC18\v3_39\src\traditional\proc\p18F2525.asm
                    PORTE   0x000f84       data     extern C:\MCC18\v3_39\src\traditional\proc\p18F2525.asm
                PORTEbits   0x000f84       data     extern C:\MCC18\v3_39\src\traditional\proc\p18F2525.asm
                 POSTDEC0   0x000fed       data     extern C:\MCC18\v3_39\src\traditional\proc\p18F2525.asm
                 POSTDEC1   0x000fe5       data     extern C:\MCC18\v3_39\src\traditional\proc\p18F2525.asm
                 POSTDEC2   0x000fdd       data     extern C:\MCC18\v3_39\src\traditional\proc\p18F2525.asm
                 POSTINC0   0x000fee       data     extern C:\MCC18\v3_39\src\traditional\proc\p18F2525.asm
                 POSTINC1   0x000fe6       data     extern C:\MCC18\v3_39\src\traditional\proc\p18F2525.asm
                 POSTINC2   0x000fde       data     extern C:\MCC18\v3_39\src\traditional\proc\p18F2525.asm
                      PR2   0x000fcb       data     extern C:\MCC18\v3_39\src\traditional\proc\p18F2525.asm
                  PREINC0   0x000fec       data     extern C:\MCC18\v3_39\src\traditional\proc\p18F2525.asm
                  PREINC1   0x000fe4       data     extern C:\MCC18\v3_39\src\traditional\proc\p18F2525.asm
                  PREINC2   0x000fdc       data     extern C:\MCC18\v3_39\src\traditional\proc\p18F2525.asm
                     PROD   0x000ff3       data     extern C:\MCC18\v3_39\src\traditional\proc\p18F2525.asm
                    PRODH   0x000ff4       data     extern C:\MCC18\v3_39\src\traditional\proc\p18F2525.asm
                    PRODL   0x000ff3       data     extern C:\MCC18\v3_39\src\traditional\proc\p18F2525.asm
                  PWM1CON   0x000fb7       data     extern C:\MCC18\v3_39\src\traditional\proc\p18F2525.asm
              PWM1CONbits   0x000fb7       data     extern C:\MCC18\v3_39\src\traditional\proc\p18F2525.asm
              PWM_CCP2CON   0x0002c9       data     extern E:\Projects\Damion\pwm.c 
               PWM_CCPR2L   0x0002cc       data     extern E:\Projects\Damion\pwm.c 
                  PWM_PR2   0x0002ca       data     extern E:\Projects\Damion\pwm.c 
                PWM_T2CON   0x0002cb       data     extern E:\Projects\Damion\pwm.c 
                     RCON   0x000fd0       data     extern C:\MCC18\v3_39\src\traditional\proc\p18F2525.asm
                 RCONbits   0x000fd0       data     extern C:\MCC18\v3_39\src\traditional\proc\p18F2525.asm
                    RCREG   0x000fae       data     extern C:\MCC18\v3_39\src\traditional\proc\p18F2525.asm
                    RCSTA   0x000fab       data     extern C:\MCC18\v3_39\src\traditional\proc\p18F2525.asm
                RCSTAbits   0x000fab       data     extern C:\MCC18\v3_39\src\traditional\proc\p18F2525.asm
                     SIGN   0x000000       data     extern C:\MCC18\v3_39\src\traditional\math\cmath18.asm
                    SPBRG   0x000faf       data     extern C:\MCC18\v3_39\src\traditional\proc\p18F2525.asm
                   SPBRGH   0x000fb0       data     extern C:\MCC18\v3_39\src\traditional\proc\p18F2525.asm
                   SSPADD   0x000fc8       data     extern C:\MCC18\v3_39\src\traditional\proc\p18F2525.asm
                   SSPBUF   0x000fc9       data     extern C:\MCC18\v3_39\src\traditional\proc\p18F2525.asm
                  SSPCON1   0x000fc6       data     extern C:\MCC18\v3_39\src\traditional\proc\p18F2525.asm
              SSPCON1bits   0x000fc6       data     extern C:\MCC18\v3_39\src\traditional\proc\p18F2525.asm
                  SSPCON2   0x000fc5       data     extern C:\MCC18\v3_39\src\traditional\proc\p18F2525.asm
              SSPCON2bits   0x000fc5       data     extern C:\MCC18\v3_39\src\traditional\proc\p18F2525.asm
                  SSPSTAT   0x000fc7       data     extern C:\MCC18\v3_39\src\traditional\proc\p18F2525.asm
              SSPSTATbits   0x000fc7       data     extern C:\MCC18\v3_39\src\traditional\proc\p18F2525.asm
                   STATUS   0x000fd8       data     extern C:\MCC18\v3_39\src\traditional\proc\p18F2525.asm
               STATUSbits   0x000fd8       data     extern C:\MCC18\v3_39\src\traditional\proc\p18F2525.asm
                   STDERR   0x0002be       data     extern E:\Projects\Damion\pic.c 
                   STKPTR   0x000ffc       data     extern C:\MCC18\v3_39\src\traditional\proc\p18F2525.asm
[...]
              PWM_CCP2CON   0x0002c9       data     extern E:\Projects\Damion\pwm.c 
                  PWM_PR2   0x0002ca       data     extern E:\Projects\Damion\pwm.c 
                PWM_T2CON   0x0002cb       data     extern E:\Projects\Damion\pwm.c 
               PWM_CCPR2L   0x0002cc       data     extern E:\Projects\Damion\pwm.c 
   CommandPrompt_Commands   0x000f00       data     extern E:\Projects\Damion\CommandPrompt.c
             Servo_Params   0x000f50       data     extern E:\Projects\Damion\servo.c
 Servo_Update_Interval_uS   0x000f78       data     extern E:\Projects\Damion\servo.c
            Serial_Status   0x000f7a       data     extern E:\Projects\Damion\serial.c
      Command_Serial_Port   0x000f7f       data     extern E:\Projects\Damion\CommandPrompt.c
                    PORTA   0x000f80       data     extern C:\MCC18\v3_39\src\traditional\proc\p18F2525.asm
                PORTAbits   0x000f80       data     extern C:\MCC18\v3_39\src\traditional\proc\p18F2525.asm
                PORTBbits   0x000f81       data     extern C:\MCC18\v3_39\src\traditional\proc\p18F2525.asm
                    PORTB   0x000f81       data     extern C:\MCC18\v3_39\src\traditional\proc\p18F2525.asm
                PORTCbits   0x000f82       data     extern C:\MCC18\v3_39\src\traditional\proc\p18F2525.asm
                    PORTC   0x000f82       data     extern C:\MCC18\v3_39\src\traditional\proc\p18F2525.asm
                PORTEbits   0x000f84       data     extern C:\MCC18\v3_39\src\traditional\proc\p18F2525.asm
                    PORTE   0x000f84       data     extern C:\MCC18\v3_39\src\traditional\proc\p18F2525.asm
                 LATAbits   0x000f89       data     extern C:\MCC18\v3_39\src\traditional\proc\p18F2525.asm
                     LATA   0x000f89       data     extern C:\MCC18\v3_39\src\traditional\proc\p18F2525.asm
                 LATBbits   0x000f8a       data     extern C:\MCC18\v3_39\src\traditional\proc\p18F2525.asm
                     LATB   0x000f8a       data     extern C:\MCC18\v3_39\src\traditional\proc\p18F2525.asm
                 LATCbits   0x000f8b       data     extern C:\MCC18\v3_39\src\traditional\proc\p18F2525.asm
                     LATC   0x000f8b       data     extern C:\MCC18\v3_39\src\traditional\proc\p18F2525.asm
                 DDRAbits   0x000f92       data     extern C:\MCC18\v3_39\src\traditional\proc\p18F2525.asm
                TRISAbits   0x000f92       data     extern C:\MCC18\v3_39\src\traditional\proc\p18F2525.asm
                    TRISA   0x000f92       data     extern C:\MCC18\v3_39\src\traditional\proc\p18F2525.asm
                     DDRA   0x000f92       data     extern C:\MCC18\v3_39\src\traditional\proc\p18F2525.asm
                     DDRB   0x000f93       data     extern C:\MCC18\v3_39\src\traditional\proc\p18F2525.asm
                 DDRBbits   0x000f93       data     extern C:\MCC18\v3_39\src\traditional\proc\p18F2525.asm
                TRISBbits   0x000f93       data     extern C:\MCC18\v3_39\src\traditional\proc\p18F2525.asm
                    TRISB   0x000f93       data     extern C:\MCC18\v3_39\src\traditional\proc\p18F2525.asm
                     DDRC   0x000f94       data     extern C:\MCC18\v3_39\src\traditional\proc\p18F2525.asm
                 DDRCbits   0x000f94       data     extern C:\MCC18\v3_39\src\traditional\proc\p18F2525.asm
                TRISCbits   0x000f94       data     extern C:\MCC18\v3_39\src\traditional\proc\p18F2525.asm
                    TRISC   0x000f94       data     extern C:\MCC18\v3_39\src\traditional\proc\p18F2525.asm
                  OSCTUNE   0x000f9b       data     extern C:\MCC18\v3_39\src\traditional\proc\p18F2525.asm
              OSCTUNEbits   0x000f9b       data     extern C:\MCC18\v3_39\src\traditional\proc\p18F2525.asm
                     PIE1   0x000f9d       data     extern C:\MCC18\v3_39\src\traditional\proc\p18F2525.asm
                 PIE1bits   0x000f9d       data     extern C:\MCC18\v3_39\src\traditional\proc\p18F2525.asm
                     PIR1   0x000f9e       data     extern C:\MCC18\v3_39\src\traditional\proc\p18F2525.asm
                 PIR1bits   0x000f9e       data     extern C:\MCC18\v3_39\src\traditional\proc\p18F2525.asm
                 IPR1bits   0x000f9f       data     extern C:\MCC18\v3_39\src\traditional\proc\p18F2525.asm
                     IPR1   0x000f9f       data     extern C:\MCC18\v3_39\src\traditional\proc\p18F2525.asm
                 PIE2bits   0x000fa0       data     extern C:\MCC18\v3_39\src\traditional\proc\p18F2525.asm
                     PIE2   0x000fa0       data     extern C:\MCC18\v3_39\src\traditional\proc\p18F2525.asm
                 PIR2bits   0x000fa1       data     extern C:\MCC18\v3_39\src\traditional\proc\p18F2525.asm
                     PIR2   0x000fa1       data     extern C:\MCC18\v3_39\src\traditional\proc\p18F2525.asm
                     IPR2   0x000fa2       data     extern C:\MCC18\v3_39\src\traditional\proc\p18F2525.asm
                 IPR2bits   0x000fa2       data     extern C:\MCC18\v3_39\src\traditional\proc\p18F2525.asm
                   EECON1   0x000fa6       data     extern C:\MCC18\v3_39\src\traditional\proc\p18F2525.asm
               EECON1bits   0x000fa6       data     extern C:\MCC18\v3_39\src\traditional\proc\p18F2525.asm
                   EECON2   0x000fa7       data     extern C:\MCC18\v3_39\src\traditional\proc\p18F2525.asm
                   EEDATA   0x000fa8       data     extern C:\MCC18\v3_39\src\traditional\proc\p18F2525.asm
                    EEADR   0x000fa9       data     extern C:\MCC18\v3_39\src\traditional\proc\p18F2525.asm
                   EEADRH   0x000faa       data     extern C:\MCC18\v3_39\src\traditional\proc\p18F2525.asm
                RCSTAbits   0x000fab       data     extern C:\MCC18\v3_39\src\traditional\proc\p18F2525.asm
                    RCSTA   0x000fab       data     extern C:\MCC18\v3_39\src\traditional\proc\p18F2525.asm
                    TXSTA   0x000fac       data     extern C:\MCC18\v3_39\src\traditional\proc\p18F2525.asm
                TXSTAbits   0x000fac       data     extern C:\MCC18\v3_39\src\traditional\proc\p18F2525.asm
                    TXREG   0x000fad       data     extern C:\MCC18\v3_39\src\traditional\proc\p18F2525.asm
                    RCREG   0x000fae       data     extern C:\MCC18\v3_39\src\traditional\proc\p18F2525.asm
                    SPBRG   0x000faf       data     extern C:\MCC18\v3_39\src\traditional\proc\p18F2525.asm
                   SPBRGH   0x000fb0       data     extern C:\MCC18\v3_39\src\traditional\proc\p18F2525.asm
                T3CONbits   0x000fb1       data     extern C:\MCC18\v3_39\src\traditional\proc\p18F2525.asm
                    T3CON   0x000fb1       data     extern C:\MCC18\v3_39\src\traditional\proc\p18F2525.asm
                    TMR3L   0x000fb2       data     extern C:\MCC18\v3_39\src\traditional\proc\p18F2525.asm
                    TMR3H   0x000fb3       data     extern C:\MCC18\v3_39\src\traditional\proc\p18F2525.asm
                    CMCON   0x000fb4       data     extern C:\MCC18\v3_39\src\traditional\proc\p18F2525.asm
                CMCONbits   0x000fb4       data     extern C:\MCC18\v3_39\src\traditional\proc\p18F2525.asm
               CVRCONbits   0x000fb5       data     extern C:\MCC18\v3_39\src\traditional\proc\p18F2525.asm
                   CVRCON   0x000fb5       data     extern C:\MCC18\v3_39\src\traditional\proc\p18F2525.asm
                   ECCPAS   0x000fb6       data     extern C:\MCC18\v3_39\src\traditional\proc\p18F2525.asm
              ECCP1ASbits   0x000fb6       data     extern C:\MCC18\v3_39\src\traditional\proc\p18F2525.asm
                  ECCP1AS   0x000fb6       data     extern C:\MCC18\v3_39\src\traditional\proc\p18F2525.asm
               ECCPASbits   0x000fb6       data     extern C:\MCC18\v3_39\src\traditional\proc\p18F2525.asm
                  PWM1CON   0x000fb7       data     extern C:\MCC18\v3_39\src\traditional\proc\p18F2525.asm
              PWM1CONbits   0x000fb7       data     extern C:\MCC18\v3_39\src\traditional\proc\p18F2525.asm
                 ECCP1DEL   0x000fb7       data     extern C:\MCC18\v3_39\src\traditional\proc\p18F2525.asm
             ECCP1DELbits   0x000fb7       data     extern C:\MCC18\v3_39\src\traditional\proc\p18F2525.asm
                  BAUDCON   0x000fb8       data     extern C:\MCC18\v3_39\src\traditional\proc\p18F2525.asm
              BAUDCONbits   0x000fb8       data     extern C:\MCC18\v3_39\src\traditional\proc\p18F2525.asm
              BAUDCTLbits   0x000fb8       data     extern C:\MCC18\v3_39\src\traditional\proc\p18F2525.asm
                  BAUDCTL   0x000fb8       data     extern C:\MCC18\v3_39\src\traditional\proc\p18F2525.asm
              CCP2CONbits   0x000fba       data     extern C:\MCC18\v3_39\src\traditional\proc\p18F2525.asm
                  CCP2CON   0x000fba       data     extern C:\MCC18\v3_39\src\traditional\proc\p18F2525.asm
                   CCPR2L   0x000fbb       data     extern C:\MCC18\v3_39\src\traditional\proc\p18F2525.asm
                    CCPR2   0x000fbb       data     extern C:\MCC18\v3_39\src\traditional\proc\p18F2525.asm
                   CCPR2H   0x000fbc       data     extern C:\MCC18\v3_39\src\traditional\proc\p18F2525.asm
              CCP1CONbits   0x000fbd       data     extern C:\MCC18\v3_39\src\traditional\proc\p18F2525.asm
                  CCP1CON   0x000fbd       data     extern C:\MCC18\v3_39\src\traditional\proc\p18F2525.asm
                    CCPR1   0x000fbe       data     extern C:\MCC18\v3_39\src\traditional\proc\p18F2525.asm
                   CCPR1L   0x000fbe       data     extern C:\MCC18\v3_39\src\traditional\proc\p18F2525.asm
                   CCPR1H   0x000fbf       data     extern C:\MCC18\v3_39\src\traditional\proc\p18F2525.asm
               ADCON2bits   0x000fc0       data     extern C:\MCC18\v3_39\src\traditional\proc\p18F2525.asm
                   ADCON2   0x000fc0       data     extern C:\MCC18\v3_39\src\traditional\proc\p18F2525.asm
               ADCON1bits   0x000fc1       data     extern C:\MCC18\v3_39\src\traditional\proc\p18F2525.asm
                   ADCON1   0x000fc1       data     extern C:\MCC18\v3_39\src\traditional\proc\p18F2525.asm
                   ADCON0   0x000fc2       data     extern C:\MCC18\v3_39\src\traditional\proc\p18F2525.asm
               ADCON0bits   0x000fc2       data     extern C:\MCC18\v3_39\src\traditional\proc\p18F2525.asm
                    ADRES   0x000fc3       data     extern C:\MCC18\v3_39\src\traditional\proc\p18F2525.asm
                   ADRESL   0x000fc3       data     extern C:\MCC18\v3_39\src\traditional\proc\p18F2525.asm
                   ADRESH   0x000fc4       data     extern C:\MCC18\v3_39\src\traditional\proc\p18F2525.asm
                  SSPCON2   0x000fc5       data     extern C:\MCC18\v3_39\src\traditional\proc\p18F2525.asm
              SSPCON2bits   0x000fc5       data     extern C:\MCC18\v3_39\src\traditional\proc\p18F2525.asm
                  SSPCON1   0x000fc6       data     extern C:\MCC18\v3_39\src\traditional\proc\p18F2525.asm
              SSPCON1bits   0x000fc6       data     extern C:\MCC18\v3_39\src\traditional\proc\p18F2525.asm
                  SSPSTAT   0x000fc7       data     extern C:\MCC18\v3_39\src\traditional\proc\p18F2525.asm
              SSPSTATbits   0x000fc7       data     extern C:\MCC18\v3_39\src\traditional\proc\p18F2525.asm
                   SSPADD   0x000fc8       data     extern C:\MCC18\v3_39\src\traditional\proc\p18F2525.asm
                   SSPBUF   0x000fc9       data     extern C:\MCC18\v3_39\src\traditional\proc\p18F2525.asm
                    T2CON   0x000fca       data     extern C:\MCC18\v3_39\src\traditional\proc\p18F2525.asm
                T2CONbits   0x000fca       data     extern C:\MCC18\v3_39\src\traditional\proc\p18F2525.asm
                      PR2   0x000fcb       data     extern C:\MCC18\v3_39\src\traditional\proc\p18F2525.asm
                     TMR2   0x000fcc       data     extern C:\MCC18\v3_39\src\traditional\proc\p18F2525.asm
                    T1CON   0x000fcd       data     extern C:\MCC18\v3_39\src\traditional\proc\p18F2525.asm
                T1CONbits   0x000fcd       data     extern C:\MCC18\v3_39\src\traditional\proc\p18F2525.asm
                    TMR1L   0x000fce       data     extern C:\MCC18\v3_39\src\traditional\proc\p18F2525.asm
                    TMR1H   0x000fcf       data     extern C:\MCC18\v3_39\src\traditional\proc\p18F2525.asm
                     RCON   0x000fd0       data     extern C:\MCC18\v3_39\src\traditional\proc\p18F2525.asm
                 RCONbits   0x000fd0       data     extern C:\MCC18\v3_39\src\traditional\proc\p18F2525.asm
               WDTCONbits   0x000fd1       data     extern C:\MCC18\v3_39\src\traditional\proc\p18F2525.asm
                   WDTCON   0x000fd1       data     extern C:\MCC18\v3_39\src\traditional\proc\p18F2525.asm
                  HLVDCON   0x000fd2       data     extern C:\MCC18\v3_39\src\traditional\proc\p18F2525.asm
              HLVDCONbits   0x000fd2       data     extern C:\MCC18\v3_39\src\traditional\proc\p18F2525.asm
                   LVDCON   0x000fd2       data     extern C:\MCC18\v3_39\src\traditional\proc\p18F2525.asm
               LVDCONbits   0x000fd2       data     extern C:\MCC18\v3_39\src\traditional\proc\p18F2525.asm
                   OSCCON   0x000fd3       data     extern C:\MCC18\v3_39\src\traditional\proc\p18F2525.asm
               OSCCONbits   0x000fd3       data     extern C:\MCC18\v3_39\src\traditional\proc\p18F2525.asm
                    T0CON   0x000fd5       data     extern C:\MCC18\v3_39\src\traditional\proc\p18F2525.asm
                T0CONbits   0x000fd5       data     extern C:\MCC18\v3_39\src\traditional\proc\p18F2525.asm
                    TMR0L   0x000fd6       data     extern C:\MCC18\v3_39\src\traditional\proc\p18F2525.asm
                    TMR0H   0x000fd7       data     extern C:\MCC18\v3_39\src\traditional\proc\p18F2525.asm
               STATUSbits   0x000fd8       data     extern C:\MCC18\v3_39\src\traditional\proc\p18F2525.asm
                   STATUS   0x000fd8       data     extern C:\MCC18\v3_39\src\traditional\proc\p18F2525.asm
                    FSR2L   0x000fd9       data     extern C:\MCC18\v3_39\src\traditional\proc\p18F2525.asm
                     FSR2   0x000fd9       data     extern C:\MCC18\v3_39\src\traditional\proc\p18F2525.asm
                    FSR2H   0x000fda       data     extern C:\MCC18\v3_39\src\traditional\proc\p18F2525.asm
                   PLUSW2   0x000fdb       data     extern C:\MCC18\v3_39\src\traditional\proc\p18F2525.asm
                  PREINC2   0x000fdc       data     extern C:\MCC18\v3_39\src\traditional\proc\p18F2525.asm
                 POSTDEC2   0x000fdd       data     extern C:\MCC18\v3_39\src\traditional\proc\p18F2525.asm
                 POSTINC2   0x000fde       data     extern C:\MCC18\v3_39\src\traditional\proc\p18F2525.asm
                    INDF2   0x000fdf       data     extern C:\MCC18\v3_39\src\traditional\proc\p18F2525.asm
                      BSR   0x000fe0       data     extern C:\MCC18\v3_39\src\traditional\proc\p18F2525.asm
                     FSR1   0x000fe1       data     extern C:\MCC18\v3_39\src\traditional\proc\p18F2525.asm
                    FSR1L   0x000fe1       data     extern C:\MCC18\v3_39\src\traditional\proc\p18F2525.asm
                    FSR1H   0x000fe2       data     extern C:\MCC18\v3_39\src\traditional\proc\p18F2525.asm
                   PLUSW1   0x000fe3       data     extern C:\MCC18\v3_39\src\traditional\proc\p18F2525.asm
                  PREINC1   0x000fe4       data     extern C:\MCC18\v3_39\src\traditional\proc\p18F2525.asm
                 POSTDEC1   0x000fe5       data     extern C:\MCC18\v3_39\src\traditional\proc\p18F2525.asm
                 POSTINC1   0x000fe6       data     extern C:\MCC18\v3_39\src\traditional\proc\p18F2525.asm
                    INDF1   0x000fe7       data     extern C:\MCC18\v3_39\src\traditional\proc\p18F2525.asm
                     WREG   0x000fe8       data     extern C:\MCC18\v3_39\src\traditional\proc\p18F2525.asm
                        W   0x000fe8       data     extern C:\MCC18\v3_39\src\traditional\proc\p18F2525.asm
                    FSR0L   0x000fe9       data     extern C:\MCC18\v3_39\src\traditional\proc\p18F2525.asm
                     FSR0   0x000fe9       data     extern C:\MCC18\v3_39\src\traditional\proc\p18F2525.asm
                    FSR0H   0x000fea       data     extern C:\MCC18\v3_39\src\traditional\proc\p18F2525.asm
                   PLUSW0   0x000feb       data     extern C:\MCC18\v3_39\src\traditional\proc\p18F2525.asm
                  PREINC0   0x000fec       data     extern C:\MCC18\v3_39\src\traditional\proc\p18F2525.asm
                 POSTDEC0   0x000fed       data     extern C:\MCC18\v3_39\src\traditional\proc\p18F2525.asm
                 POSTINC0   0x000fee       data     extern C:\MCC18\v3_39\src\traditional\proc\p18F2525.asm
                    INDF0   0x000fef       data     extern C:\MCC18\v3_39\src\traditional\proc\p18F2525.asm
              INTCON3bits   0x000ff0       data     extern C:\MCC18\v3_39\src\traditional\proc\p18F2525.asm
                  INTCON3   0x000ff0       data     extern C:\MCC18\v3_39\src\traditional\proc\p18F2525.asm
                  INTCON2   0x000ff1       data     extern C:\MCC18\v3_39\src\traditional\proc\p18F2525.asm
              INTCON2bits   0x000ff1       data     extern C:\MCC18\v3_39\src\traditional\proc\p18F2525.asm
                   INTCON   0x000ff2       data     extern C:\MCC18\v3_39\src\traditional\proc\p18F2525.asm
               INTCONbits   0x000ff2       data     extern C:\MCC18\v3_39\src\traditional\proc\p18F2525.asm
                    PRODL   0x000ff3       data     extern C:\MCC18\v3_39\src\traditional\proc\p18F2525.asm
                     PROD   0x000ff3       data     extern C:\MCC18\v3_39\src\traditional\proc\p18F2525.asm
                    PRODH   0x000ff4       data     extern C:\MCC18\v3_39\src\traditional\proc\p18F2525.asm
                   TABLAT   0x000ff5       data     extern C:\MCC18\v3_39\src\traditional\proc\p18F2525.asm
                  TBLPTRL   0x000ff6       data     extern C:\MCC18\v3_39\src\traditional\proc\p18F2525.asm
                   TBLPTR   0x000ff6       data     extern C:\MCC18\v3_39\src\traditional\proc\p18F2525.asm
                  TBLPTRH   0x000ff7       data     extern C:\MCC18\v3_39\src\traditional\proc\p18F2525.asm
                  TBLPTRU   0x000ff8       data     extern C:\MCC18\v3_39\src\traditional\proc\p18F2525.asm
                       PC   0x000ff9       data     extern C:\MCC18\v3_39\src\traditional\proc\p18F2525.asm
                      PCL   0x000ff9       data     extern C:\MCC18\v3_39\src\traditional\proc\p18F2525.asm
                   PCLATH   0x000ffa       data     extern C:\MCC18\v3_39\src\traditional\proc\p18F2525.asm
                   PCLATU   0x000ffb       data     extern C:\MCC18\v3_39\src\traditional\proc\p18F2525.asm
               STKPTRbits   0x000ffc       data     extern C:\MCC18\v3_39\src\traditional\proc\p18F2525.asm
                   STKPTR   0x000ffc       data     extern C:\MCC18\v3_39\src\traditional\proc\p18F2525.asm
                     TOSL   0x000ffd       data     extern C:\MCC18\v3_39\src\traditional\proc\p18F2525.asm
                      TOS   0x000ffd       data     extern C:\MCC18\v3_39\src\traditional\proc\p18F2525.asm
                     TOSH   0x000ffe       data     extern C:\MCC18\v3_39\src\traditional\proc\p18F2525.asm
                     TOSU   0x000fff       data     extern C:\MCC18\v3_39\src\traditional\proc\p18F2525.asm


